Archive member included to satisfy reference by file (symbol)

C:/ST/STM32CubeIDE_1.10.1/STM32CubeIDE/plugins/com.st.stm32cube.ide.mcu.externaltools.gnu-tools-for-stm32.12.3.rel1.win32_1.0.100.202403111256/tools/bin/../lib/gcc/arm-none-eabi/12.3.1/../../../../arm-none-eabi/lib/thumb/v7e-m+fp/hard\libc_nano.a(libc_a-exit.o)
                              C:/ST/STM32CubeIDE_1.10.1/STM32CubeIDE/plugins/com.st.stm32cube.ide.mcu.externaltools.gnu-tools-for-stm32.12.3.rel1.win32_1.0.100.202403111256/tools/bin/../lib/gcc/arm-none-eabi/12.3.1/../../../../arm-none-eabi/lib/thumb/v7e-m+fp/hard/crt0.o (exit)
C:/ST/STM32CubeIDE_1.10.1/STM32CubeIDE/plugins/com.st.stm32cube.ide.mcu.externaltools.gnu-tools-for-stm32.12.3.rel1.win32_1.0.100.202403111256/tools/bin/../lib/gcc/arm-none-eabi/12.3.1/../../../../arm-none-eabi/lib/thumb/v7e-m+fp/hard\libc_nano.a(libc_a-findfp.o)
                              C:/ST/STM32CubeIDE_1.10.1/STM32CubeIDE/plugins/com.st.stm32cube.ide.mcu.externaltools.gnu-tools-for-stm32.12.3.rel1.win32_1.0.100.202403111256/tools/bin/../lib/gcc/arm-none-eabi/12.3.1/../../../../arm-none-eabi/lib/thumb/v7e-m+fp/hard\libc_nano.a(libc_a-exit.o) (__stdio_exit_handler)
C:/ST/STM32CubeIDE_1.10.1/STM32CubeIDE/plugins/com.st.stm32cube.ide.mcu.externaltools.gnu-tools-for-stm32.12.3.rel1.win32_1.0.100.202403111256/tools/bin/../lib/gcc/arm-none-eabi/12.3.1/../../../../arm-none-eabi/lib/thumb/v7e-m+fp/hard\libc_nano.a(libc_a-fwalk.o)
                              C:/ST/STM32CubeIDE_1.10.1/STM32CubeIDE/plugins/com.st.stm32cube.ide.mcu.externaltools.gnu-tools-for-stm32.12.3.rel1.win32_1.0.100.202403111256/tools/bin/../lib/gcc/arm-none-eabi/12.3.1/../../../../arm-none-eabi/lib/thumb/v7e-m+fp/hard\libc_nano.a(libc_a-findfp.o) (_fwalk_sglue)
C:/ST/STM32CubeIDE_1.10.1/STM32CubeIDE/plugins/com.st.stm32cube.ide.mcu.externaltools.gnu-tools-for-stm32.12.3.rel1.win32_1.0.100.202403111256/tools/bin/../lib/gcc/arm-none-eabi/12.3.1/../../../../arm-none-eabi/lib/thumb/v7e-m+fp/hard\libc_nano.a(libc_a-sprintf.o)
                              ./Drivers/LCD/lcd.o (sprintf)
C:/ST/STM32CubeIDE_1.10.1/STM32CubeIDE/plugins/com.st.stm32cube.ide.mcu.externaltools.gnu-tools-for-stm32.12.3.rel1.win32_1.0.100.202403111256/tools/bin/../lib/gcc/arm-none-eabi/12.3.1/../../../../arm-none-eabi/lib/thumb/v7e-m+fp/hard\libc_nano.a(libc_a-stdio.o)
                              C:/ST/STM32CubeIDE_1.10.1/STM32CubeIDE/plugins/com.st.stm32cube.ide.mcu.externaltools.gnu-tools-for-stm32.12.3.rel1.win32_1.0.100.202403111256/tools/bin/../lib/gcc/arm-none-eabi/12.3.1/../../../../arm-none-eabi/lib/thumb/v7e-m+fp/hard\libc_nano.a(libc_a-findfp.o) (__sread)
C:/ST/STM32CubeIDE_1.10.1/STM32CubeIDE/plugins/com.st.stm32cube.ide.mcu.externaltools.gnu-tools-for-stm32.12.3.rel1.win32_1.0.100.202403111256/tools/bin/../lib/gcc/arm-none-eabi/12.3.1/../../../../arm-none-eabi/lib/thumb/v7e-m+fp/hard\libc_nano.a(libc_a-memset.o)
                              C:/ST/STM32CubeIDE_1.10.1/STM32CubeIDE/plugins/com.st.stm32cube.ide.mcu.externaltools.gnu-tools-for-stm32.12.3.rel1.win32_1.0.100.202403111256/tools/bin/../lib/gcc/arm-none-eabi/12.3.1/../../../../arm-none-eabi/lib/thumb/v7e-m+fp/hard/crt0.o (memset)
C:/ST/STM32CubeIDE_1.10.1/STM32CubeIDE/plugins/com.st.stm32cube.ide.mcu.externaltools.gnu-tools-for-stm32.12.3.rel1.win32_1.0.100.202403111256/tools/bin/../lib/gcc/arm-none-eabi/12.3.1/../../../../arm-none-eabi/lib/thumb/v7e-m+fp/hard\libc_nano.a(libc_a-closer.o)
                              C:/ST/STM32CubeIDE_1.10.1/STM32CubeIDE/plugins/com.st.stm32cube.ide.mcu.externaltools.gnu-tools-for-stm32.12.3.rel1.win32_1.0.100.202403111256/tools/bin/../lib/gcc/arm-none-eabi/12.3.1/../../../../arm-none-eabi/lib/thumb/v7e-m+fp/hard\libc_nano.a(libc_a-stdio.o) (_close_r)
C:/ST/STM32CubeIDE_1.10.1/STM32CubeIDE/plugins/com.st.stm32cube.ide.mcu.externaltools.gnu-tools-for-stm32.12.3.rel1.win32_1.0.100.202403111256/tools/bin/../lib/gcc/arm-none-eabi/12.3.1/../../../../arm-none-eabi/lib/thumb/v7e-m+fp/hard\libc_nano.a(libc_a-reent.o)
                              C:/ST/STM32CubeIDE_1.10.1/STM32CubeIDE/plugins/com.st.stm32cube.ide.mcu.externaltools.gnu-tools-for-stm32.12.3.rel1.win32_1.0.100.202403111256/tools/bin/../lib/gcc/arm-none-eabi/12.3.1/../../../../arm-none-eabi/lib/thumb/v7e-m+fp/hard\libc_nano.a(libc_a-closer.o) (errno)
C:/ST/STM32CubeIDE_1.10.1/STM32CubeIDE/plugins/com.st.stm32cube.ide.mcu.externaltools.gnu-tools-for-stm32.12.3.rel1.win32_1.0.100.202403111256/tools/bin/../lib/gcc/arm-none-eabi/12.3.1/../../../../arm-none-eabi/lib/thumb/v7e-m+fp/hard\libc_nano.a(libc_a-impure.o)
                              C:/ST/STM32CubeIDE_1.10.1/STM32CubeIDE/plugins/com.st.stm32cube.ide.mcu.externaltools.gnu-tools-for-stm32.12.3.rel1.win32_1.0.100.202403111256/tools/bin/../lib/gcc/arm-none-eabi/12.3.1/../../../../arm-none-eabi/lib/thumb/v7e-m+fp/hard\libc_nano.a(libc_a-sprintf.o) (_impure_ptr)
[...]
Memory Configuration

Name             Origin             Length             Attributes
RAM              0x20000000         0x00020000         xrw
FLASH            0x08000000         0x00080000         xr
*default*        0x00000000         0xffffffff

Linker script and memory map

LOAD C:/ST/STM32CubeIDE_1.10.1/STM32CubeIDE/plugins/com.st.stm32cube.ide.mcu.externaltools.gnu-tools-for-stm32.12.3.rel1.win32_1.0.100.202403111256/tools/bin/../lib/gcc/arm-none-eabi/12.3.1/thumb/v7e-m+fp/hard/crti.o
LOAD C:/ST/STM32CubeIDE_1.10.1/STM32CubeIDE/plugins/com.st.stm32cube.ide.mcu.externaltools.gnu-tools-for-stm32.12.3.rel1.win32_1.0.100.202403111256/tools/bin/../lib/gcc/arm-none-eabi/12.3.1/thumb/v7e-m+fp/hard/crtbegin.o
LOAD C:/ST/STM32CubeIDE_1.10.1/STM32CubeIDE/plugins/com.st.stm32cube.ide.mcu.externaltools.gnu-tools-for-stm32.12.3.rel1.win32_1.0.100.202403111256/tools/bin/../lib/gcc/arm-none-eabi/12.3.1/../../../../arm-none-eabi/lib/thumb/v7e-m+fp/hard/crt0.o
LOAD ./Core/Src/main.o
LOAD ./Core/Src/stm32f4xx_hal_msp.o
LOAD ./Core/Src/stm32f4xx_it.o
LOAD ./Core/Src/syscalls.o
LOAD ./Core/Src/sysmem.o
LOAD ./Core/Src/system_stm32f4xx.o
LOAD ./Core/Startup/startup_stm32f446zetx.o
LOAD ./Drivers/LCD/images.o
LOAD ./Drivers/LCD/lcd.o
LOAD ./Drivers/STM32F4xx_HAL_Driver/Src/stm32f4xx_hal.o
LOAD ./Drivers/STM32F4xx_HAL_Driver/Src/stm32f4xx_hal_cortex.o
LOAD ./Drivers/STM32F4xx_HAL_Driver/Src/stm32f4xx_hal_dma.o
LOAD ./Drivers/STM32F4xx_HAL_Driver/Src/stm32f4xx_hal_dma_ex.o
LOAD ./Drivers/STM32F4xx_HAL_Driver/Src/stm32f4xx_hal_exti.o
LOAD ./Drivers/STM32F4xx_HAL_Driver/Src/stm32f4xx_hal_flash.o
LOAD ./Drivers/STM32F4xx_HAL_Driver/Src/stm32f4xx_hal_flash_ex.o
LOAD ./Drivers/STM32F4xx_HAL_Driver/Src/stm32f4xx_hal_flash_ramfunc.o
LOAD ./Drivers/STM32F4xx_HAL_Driver/Src/stm32f4xx_hal_gpio.o
LOAD ./Drivers/STM32F4xx_HAL_Driver/Src/stm32f4xx_hal_pcd.o
LOAD ./Drivers/STM32F4xx_HAL_Driver/Src/stm32f4xx_hal_pcd_ex.o
LOAD ./Drivers/STM32F4xx_HAL_Driver/Src/stm32f4xx_hal_pwr.o
LOAD ./Drivers/STM32F4xx_HAL_Driver/Src/stm32f4xx_hal_pwr_ex.o
LOAD ./Drivers/STM32F4xx_HAL_Driver/Src/stm32f4xx_hal_rcc.o
LOAD ./Drivers/STM32F4xx_HAL_Driver/Src/stm32f4xx_hal_rcc_ex.o
LOAD ./Drivers/STM32F4xx_HAL_Driver/Src/stm32f4xx_hal_spi.o
LOAD ./Drivers/STM32F4xx_HAL_Driver/Src/stm32f4xx_hal_tim.o
LOAD ./Drivers/STM32F4xx_HAL_Driver/Src/stm32f4xx_hal_tim_ex.o
LOAD ./Drivers/STM32F4xx_HAL_Driver/Src/stm32f4xx_hal_uart.o
LOAD ./Drivers/STM32F4xx_HAL_Driver/Src/stm32f4xx_ll_usb.o
LOAD ./Drivers/UGUI/Fonts/arial_10X13.o
LOAD ./Drivers/UGUI/Fonts/arial_10X13_cyrillic.o
LOAD ./Drivers/UGUI/Fonts/arial_12X15.o
LOAD ./Drivers/UGUI/Fonts/arial_12X15_cyrillic.o
LOAD ./Drivers/UGUI/Fonts/arial_16X18.o
LOAD ./Drivers/UGUI/Fonts/arial_16X18_cyrillic.o
LOAD ./Drivers/UGUI/Fonts/arial_20X23.o
LOAD ./Drivers/UGUI/Fonts/arial_20X23_cyrillic.o
LOAD ./Drivers/UGUI/Fonts/arial_25X28.o
LOAD ./Drivers/UGUI/Fonts/arial_25X28_cyrillic.o
LOAD ./Drivers/UGUI/Fonts/arial_29X35.o
LOAD ./Drivers/UGUI/Fonts/arial_29X35_cyrillic.o
LOAD ./Drivers/UGUI/Fonts/arial_35X40.o
LOAD ./Drivers/UGUI/Fonts/arial_35X40_cyrillic.o
LOAD ./Drivers/UGUI/Fonts/arial_39X45.o
LOAD ./Drivers/UGUI/Fonts/arial_39X45_cyrillic.o
LOAD ./Drivers/UGUI/Fonts/arial_45X52.o
LOAD ./Drivers/UGUI/Fonts/arial_45X52_cyrillic.o
LOAD ./Drivers/UGUI/Fonts/arial_49X57.o
LOAD ./Drivers/UGUI/Fonts/arial_49X57_cyrillic.o
LOAD ./Drivers/UGUI/Fonts/arial_6X6.o
LOAD ./Drivers/UGUI/Fonts/arial_6X6_cyrillic.o
LOAD ./Drivers/UGUI/Fonts/arial_9X10.o
LOAD ./Drivers/UGUI/Fonts/arial_9X10_cyrillic.o
LOAD ./Drivers/UGUI/Fonts/font_10x16.o
LOAD ./Drivers/UGUI/Fonts/font_12x16.o
LOAD ./Drivers/UGUI/Fonts/font_12x20.o
LOAD ./Drivers/UGUI/Fonts/font_16x26.o
LOAD ./Drivers/UGUI/Fonts/font_22x36.o
LOAD ./Drivers/UGUI/Fonts/font_24x40.o
LOAD ./Drivers/UGUI/Fonts/font_32x53.o
LOAD ./Drivers/UGUI/Fonts/font_4x6.o
LOAD ./Drivers/UGUI/Fonts/font_5x12.o
LOAD ./Drivers/UGUI/Fonts/font_5x8.o
LOAD ./Drivers/UGUI/Fonts/font_6x10.o
LOAD ./Drivers/UGUI/Fonts/font_6x8.o
LOAD ./Drivers/UGUI/Fonts/font_7x12.o
LOAD ./Drivers/UGUI/Fonts/font_8x12.o
LOAD ./Drivers/UGUI/Fonts/font_8x12_cyrillic.o
LOAD ./Drivers/UGUI/Fonts/font_8x14.o
LOAD ./Drivers/UGUI/Fonts/font_8x8.o
LOAD ./Drivers/UGUI/ugui.o
LOAD ./Drivers/UGUI/ugui_button.o
LOAD ./Drivers/UGUI/ugui_checkbox.o
LOAD ./Drivers/UGUI/ugui_image.o
LOAD ./Drivers/UGUI/ugui_progress.o
LOAD ./Drivers/UGUI/ugui_textbox.o
START GROUP
LOAD C:/ST/STM32CubeIDE_1.10.1/STM32CubeIDE/plugins/com.st.stm32cube.ide.mcu.externaltools.gnu-tools-for-stm32.12.3.rel1.win32_1.0.100.202403111256/tools/bin/../lib/gcc/arm-none-eabi/12.3.1/../../../../arm-none-eabi/lib/thumb/v7e-m+fp/hard\libc_nano.a
LOAD C:/ST/STM32CubeIDE_1.10.1/STM32CubeIDE/plugins/com.st.stm32cube.ide.mcu.externaltools.gnu-tools-for-stm32.12.3.rel1.win32_1.0.100.202403111256/tools/bin/../lib/gcc/arm-none-eabi/12.3.1/../../../../arm-none-eabi/lib/thumb/v7e-m+fp/hard\libm.a
END GROUP
START GROUP
LOAD C:/ST/STM32CubeIDE_1.10.1/STM32CubeIDE/plugins/com.st.stm32cube.ide.mcu.externaltools.gnu-tools-for-stm32.12.3.rel1.win32_1.0.100.202403111256/tools/bin/../lib/gcc/arm-none-eabi/12.3.1/thumb/v7e-m+fp/hard\libgcc.a
LOAD C:/ST/STM32CubeIDE_1.10.1/STM32CubeIDE/plugins/com.st.stm32cube.ide.mcu.externaltools.gnu-tools-for-stm32.12.3.rel1.win32_1.0.100.202403111256/tools/bin/../lib/gcc/arm-none-eabi/12.3.1/../../../../arm-none-eabi/lib/thumb/v7e-m+fp/hard\libc_nano.a
END GROUP
START GROUP
LOAD C:/ST/STM32CubeIDE_1.10.1/STM32CubeIDE/plugins/com.st.stm32cube.ide.mcu.externaltools.gnu-tools-for-stm32.12.3.rel1.win32_1.0.100.202403111256/tools/bin/../lib/gcc/arm-none-eabi/12.3.1/thumb/v7e-m+fp/hard\libgcc.a
LOAD C:/ST/STM32CubeIDE_1.10.1/STM32CubeIDE/plugins/com.st.stm32cube.ide.mcu.externaltools.gnu-tools-for-stm32.12.3.rel1.win32_1.0.100.202403111256/tools/bin/../lib/gcc/arm-none-eabi/12.3.1/../../../../arm-none-eabi/lib/thumb/v7e-m+fp/hard\libc_nano.a
LOAD C:/ST/STM32CubeIDE_1.10.1/STM32CubeIDE/plugins/com.st.stm32cube.ide.mcu.externaltools.gnu-tools-for-stm32.12.3.rel1.win32_1.0.100.202403111256/tools/bin/../lib/gcc/arm-none-eabi/12.3.1/../../../../arm-none-eabi/lib/thumb/v7e-m+fp/hard\libnosys.a
END GROUP
START GROUP
LOAD C:/ST/STM32CubeIDE_1.10.1/STM32CubeIDE/plugins/com.st.stm32cube.ide.mcu.externaltools.gnu-tools-for-stm32.12.3.rel1.win32_1.0.100.202403111256/tools/bin/../lib/gcc/arm-none-eabi/12.3.1/thumb/v7e-m+fp/hard\libgcc.a
LOAD C:/ST/STM32CubeIDE_1.10.1/STM32CubeIDE/plugins/com.st.stm32cube.ide.mcu.externaltools.gnu-tools-for-stm32.12.3.rel1.win32_1.0.100.202403111256/tools/bin/../lib/gcc/arm-none-eabi/12.3.1/../../../../arm-none-eabi/lib/thumb/v7e-m+fp/hard\libc_nano.a
LOAD C:/ST/STM32CubeIDE_1.10.1/STM32CubeIDE/plugins/com.st.stm32cube.ide.mcu.externaltools.gnu-tools-for-stm32.12.3.rel1.win32_1.0.100.202403111256/tools/bin/../lib/gcc/arm-none-eabi/12.3.1/../../../../arm-none-eabi/lib/thumb/v7e-m+fp/hard\libnosys.a
END GROUP
LOAD C:/ST/STM32CubeIDE_1.10.1/STM32CubeIDE/plugins/com.st.stm32cube.ide.mcu.externaltools.gnu-tools-for-stm32.12.3.rel1.win32_1.0.100.202403111256/tools/bin/../lib/gcc/arm-none-eabi/12.3.1/thumb/v7e-m+fp/hard/crtend.o
LOAD C:/ST/STM32CubeIDE_1.10.1/STM32CubeIDE/plugins/com.st.stm32cube.ide.mcu.externaltools.gnu-tools-for-stm32.12.3.rel1.win32_1.0.100.202403111256/tools/bin/../lib/gcc/arm-none-eabi/12.3.1/thumb/v7e-m+fp/hard/crtn.o
                0x20020000                        _estack = (ORIGIN (RAM) + LENGTH (RAM))
                0x00000200                        _Min_Heap_Size = 0x200
                0x00000400                        _Min_Stack_Size = 0x400

.isr_vector     0x08000000      0x1c4
                0x08000000                        . = ALIGN (0x4)
 *(.isr_vector)
 .isr_vector    0x08000000      0x1c4 ./Core/Startup/startup_stm32f446zetx.o
                0x08000000                g_pfnVectors
                0x080001c4                        . = ALIGN (0x4)

.text           0x080001d0     0x9f6c
                0x080001d0                        . = ALIGN (0x4)
 *(.text)
 .text          0x080001d0       0x40 C:/ST/STM32CubeIDE_1.10.1/STM32CubeIDE/plugins/com.st.stm32cube.ide.mcu.externaltools.gnu-tools-for-stm32.12.3.rel1.win32_1.0.100.202403111256/tools/bin/../lib/gcc/arm-none-eabi/12.3.1/thumb/v7e-m+fp/hard/crtbegin.o
 .text          0x08000210       0xa0 C:/ST/STM32CubeIDE_1.10.1/STM32CubeIDE/plugins/com.st.stm32cube.ide.mcu.externaltools.gnu-tools-for-stm32.12.3.rel1.win32_1.0.100.202403111256/tools/bin/../lib/gcc/arm-none-eabi/12.3.1/../../../../arm-none-eabi/lib/thumb/v7e-m+fp/hard\libc_nano.a(libc_a-memchr.o)
                0x08000210                memchr
 .text          0x080002b0       0x30 C:/ST/STM32CubeIDE_1.10.1/STM32CubeIDE/plugins/com.st.stm32cube.ide.mcu.externaltools.gnu-tools-for-stm32.12.3.rel1.win32_1.0.100.202403111256/tools/bin/../lib/gcc/arm-none-eabi/12.3.1/thumb/v7e-m+fp/hard\libgcc.a(_aeabi_uldivmod.o)
                0x080002b0                __aeabi_uldivmod
 .text          0x080002e0      0x2bc C:/ST/STM32CubeIDE_1.10.1/STM32CubeIDE/plugins/com.st.stm32cube.ide.mcu.externaltools.gnu-tools-for-stm32.12.3.rel1.win32_1.0.100.202403111256/tools/bin/../lib/gcc/arm-none-eabi/12.3.1/thumb/v7e-m+fp/hard\libgcc.a(_udivmoddi4.o)
                0x080002e0                __udivmoddi4
 .text          0x0800059c        0x4 C:/ST/STM32CubeIDE_1.10.1/STM32CubeIDE/plugins/com.st.stm32cube.ide.mcu.externaltools.gnu-tools-for-stm32.12.3.rel1.win32_1.0.100.202403111256/tools/bin/../lib/gcc/arm-none-eabi/12.3.1/thumb/v7e-m+fp/hard\libgcc.a(_dvmd_tls.o)
                0x0800059c                __aeabi_idiv0
                0x0800059c                __aeabi_ldiv0
 *(.text*)
 .text.main     0x080005a0       0x2a ./Core/Src/main.o
                0x080005a0                main
 *fill*         0x080005ca        0x2 
 .text.SystemClock_Config
                0x080005cc       0xd8 ./Core/Src/main.o
                0x080005cc                SystemClock_Config
 .text.MX_SPI1_Init
                0x080006a4       0x6c ./Core/Src/main.o
 .text.MX_USART3_UART_Init
                0x08000710       0x54 ./Core/Src/main.o
 .text.MX_USB_OTG_FS_PCD_Init
                0x08000764       0x5c ./Core/Src/main.o
 .text.MX_DMA_Init
                0x080007c0       0x40 ./Core/Src/main.o
 .text.MX_GPIO_Init
                0x08000800      0x1d4 ./Core/Src/main.o
 .text.Error_Handler
                0x080009d4        0xc ./Core/Src/main.o
                0x080009d4                Error_Handler
 .text.HAL_MspInit
                0x080009e0       0x50 ./Core/Src/stm32f4xx_hal_msp.o
                0x080009e0                HAL_MspInit
 .text.HAL_SPI_MspInit
                0x08000a30       0xf4 ./Core/Src/stm32f4xx_hal_msp.o
                0x08000a30                HAL_SPI_MspInit
 .text.HAL_UART_MspInit
                0x08000b24       0x90 ./Core/Src/stm32f4xx_hal_msp.o
                0x08000b24                HAL_UART_MspInit
 .text.HAL_PCD_MspInit
                0x08000bb4       0xe0 ./Core/Src/stm32f4xx_hal_msp.o
                0x08000bb4                HAL_PCD_MspInit
 .text.NMI_Handler
                0x08000c94        0x8 ./Core/Src/stm32f4xx_it.o
                0x08000c94                NMI_Handler
 .text.HardFault_Handler
                0x08000c9c        0x8 ./Core/Src/stm32f4xx_it.o
                0x08000c9c                HardFault_Handler
 .text.MemManage_Handler
                0x08000ca4        0x8 ./Core/Src/stm32f4xx_it.o
                0x08000ca4                MemManage_Handler
 .text.BusFault_Handler
                0x08000cac        0x8 ./Core/Src/stm32f4xx_it.o
                0x08000cac                BusFault_Handler
 .text.UsageFault_Handler
                0x08000cb4        0x8 ./Core/Src/stm32f4xx_it.o
                0x08000cb4                UsageFault_Handler
 .text.SVC_Handler
                0x08000cbc        0xe ./Core/Src/stm32f4xx_it.o
                0x08000cbc                SVC_Handler
 .text.DebugMon_Handler
                0x08000cca        0xe ./Core/Src/stm32f4xx_it.o
                0x08000cca                DebugMon_Handler
 .text.PendSV_Handler
                0x08000cd8        0xe ./Core/Src/stm32f4xx_it.o
                0x08000cd8                PendSV_Handler
 .text.SysTick_Handler
                0x08000ce6        0xc ./Core/Src/stm32f4xx_it.o
                0x08000ce6                SysTick_Handler
 *fill*         0x08000cf2        0x2 
 .text.DMA2_Stream3_IRQHandler
                0x08000cf4       0x14 ./Core/Src/stm32f4xx_it.o
                0x08000cf4                DMA2_Stream3_IRQHandler
 .text._sbrk    0x08000d08       0x6c ./Core/Src/sysmem.o
                0x08000d08                _sbrk
 .text.SystemInit
                0x08000d74       0x24 ./Core/Src/system_stm32f4xx.o
                0x08000d74                SystemInit
 .text.Reset_Handler
                0x08000d98       0x50 ./Core/Startup/startup_stm32f446zetx.o
                0x08000d98                Reset_Handler
 .text.Default_Handler
                0x08000de8        0x2 ./Core/Startup/startup_stm32f446zetx.o
                0x08000de8                RTC_Alarm_IRQHandler
                0x08000de8                EXTI2_IRQHandler
                0x08000de8                TIM8_CC_IRQHandler
                0x08000de8                FMPI2C1_EV_IRQHandler
                0x08000de8                SPI4_IRQHandler
                0x08000de8                TIM1_CC_IRQHandler
                0x08000de8                DMA2_Stream5_IRQHandler
                0x08000de8                DMA1_Stream5_IRQHandler
                0x08000de8                PVD_IRQHandler
                0x08000de8                SDIO_IRQHandler
                0x08000de8                TAMP_STAMP_IRQHandler
                0x08000de8                CAN2_RX1_IRQHandler
                0x08000de8                EXTI3_IRQHandler
                0x08000de8                TIM8_TRG_COM_TIM14_IRQHandler
                0x08000de8                TIM1_UP_TIM10_IRQHandler
                0x08000de8                TIM8_UP_TIM13_IRQHandler
                0x08000de8                I2C3_ER_IRQHandler
                0x08000de8                EXTI0_IRQHandler
                0x08000de8                I2C2_EV_IRQHandler
                0x08000de8                DMA1_Stream2_IRQHandler
                0x08000de8                CAN1_RX0_IRQHandler
                0x08000de8                FPU_IRQHandler
                0x08000de8                OTG_HS_WKUP_IRQHandler
                0x08000de8                CAN2_SCE_IRQHandler
                0x08000de8                DMA2_Stream2_IRQHandler
                0x08000de8                SPI1_IRQHandler
                0x08000de8                TIM6_DAC_IRQHandler
                0x08000de8                TIM1_BRK_TIM9_IRQHandler
                0x08000de8                DCMI_IRQHandler
                0x08000de8                CAN2_RX0_IRQHandler
                0x08000de8                SAI2_IRQHandler
                0x08000de8                USART6_IRQHandler
                0x08000de8                USART3_IRQHandler
                0x08000de8                CAN1_RX1_IRQHandler
                0x08000de8                UART5_IRQHandler
                0x08000de8                DMA2_Stream0_IRQHandler
                0x08000de8                TIM4_IRQHandler
                0x08000de8                QUADSPI_IRQHandler
                0x08000de8                I2C1_EV_IRQHandler
                0x08000de8                DMA1_Stream6_IRQHandler
                0x08000de8                DMA1_Stream1_IRQHandler
                0x08000de8                UART4_IRQHandler
                0x08000de8                TIM3_IRQHandler
                0x08000de8                RCC_IRQHandler
                0x08000de8                TIM8_BRK_TIM12_IRQHandler
                0x08000de8                Default_Handler
                0x08000de8                CEC_IRQHandler
                0x08000de8                EXTI15_10_IRQHandler
                0x08000de8                ADC_IRQHandler
                0x08000de8                DMA1_Stream7_IRQHandler
                0x08000de8                TIM7_IRQHandler
                0x08000de8                CAN2_TX_IRQHandler
                0x08000de8                TIM5_IRQHandler
                0x08000de8                DMA2_Stream7_IRQHandler
                0x08000de8                I2C3_EV_IRQHandler
                0x08000de8                EXTI9_5_IRQHandler
                0x08000de8                RTC_WKUP_IRQHandler
                0x08000de8                SPDIF_RX_IRQHandler
                0x08000de8                SPI2_IRQHandler
                0x08000de8                OTG_HS_EP1_IN_IRQHandler
                0x08000de8                DMA1_Stream0_IRQHandler
                0x08000de8                CAN1_TX_IRQHandler
                0x08000de8                FMPI2C1_ER_IRQHandler
                0x08000de8                EXTI4_IRQHandler
                0x08000de8                OTG_HS_EP1_OUT_IRQHandler
                0x08000de8                WWDG_IRQHandler
                0x08000de8                TIM2_IRQHandler
                0x08000de8                OTG_FS_WKUP_IRQHandler
                0x08000de8                TIM1_TRG_COM_TIM11_IRQHandler
                0x08000de8                OTG_HS_IRQHandler
                0x08000de8                EXTI1_IRQHandler
                0x08000de8                USART2_IRQHandler
                0x08000de8                I2C2_ER_IRQHandler
                0x08000de8                DMA2_Stream1_IRQHandler
                0x08000de8                CAN1_SCE_IRQHandler
                0x08000de8                FLASH_IRQHandler
                0x08000de8                DMA2_Stream4_IRQHandler
                0x08000de8                USART1_IRQHandler
                0x08000de8                OTG_FS_IRQHandler
                0x08000de8                SPI3_IRQHandler
                0x08000de8                DMA1_Stream4_IRQHandler
                0x08000de8                I2C1_ER_IRQHandler
                0x08000de8                FMC_IRQHandler
                0x08000de8                DMA2_Stream6_IRQHandler
                0x08000de8                SAI1_IRQHandler
                0x08000de8                DMA1_Stream3_IRQHandler
 *fill*         0x08000dea        0x2 
 .text.setSPI_Size
                0x08000dec       0x7c ./Drivers/LCD/lcd.o
 .text.setDMAMemMode
                0x08000e68      0x118 ./Drivers/LCD/lcd.o
 .text.LCD_WriteCommand
                0x08000f80       0x68 ./Drivers/LCD/lcd.o
 .text.LCD_WriteData
                0x08000fe8       0xd4 ./Drivers/LCD/lcd.o
 .text.LCD_SetAddressWindow
                0x080010bc       0xae ./Drivers/LCD/lcd.o
 *fill*         0x0800116a        0x2 
 .text.LCD_DrawPixel
                0x0800116c       0x94 ./Drivers/LCD/lcd.o
                0x0800116c                LCD_DrawPixel
 .text.LCD_FillPixels
                0x08001200       0x92 ./Drivers/LCD/lcd.o
                0x08001200                LCD_FillPixels
 *fill*         0x08001292        0x2 
 .text.LCD_FillArea
                0x08001294       0x6c ./Drivers/LCD/lcd.o
                0x08001294                LCD_FillArea
 .text.LCD_Fill
                0x08001300       0x72 ./Drivers/LCD/lcd.o
                0x08001300                LCD_Fill
 .text.LCD_DrawImage
                0x08001372       0xaa ./Drivers/LCD/lcd.o
                0x08001372                LCD_DrawImage
 .text.LCD_DrawLine
                0x0800141c       0x7c ./Drivers/LCD/lcd.o
                0x0800141c                LCD_DrawLine
 .text.LCD_PutStr
                0x08001498       0x40 ./Drivers/LCD/lcd.o
                0x08001498                LCD_PutStr
 .text.LCD_setPower
                0x080014d8       0x2c ./Drivers/LCD/lcd.o
                0x080014d8                LCD_setPower
 .text.LCD_Update
                0x08001504       0x10 ./Drivers/LCD/lcd.o
 .text.LCD_init
                0x08001514       0xd0 ./Drivers/LCD/lcd.o
                0x08001514                LCD_init
 .text.clearTime
                0x080015e4       0x18 ./Drivers/LCD/lcd.o
 .text.printTime
                0x080015fc       0x6c ./Drivers/LCD/lcd.o
 .text.LCD_Test
                0x08001668      0xa9c ./Drivers/LCD/lcd.o
                0x08001668                LCD_Test
 .text.window_1_callback
                0x08002104       0x16 ./Drivers/LCD/lcd.o
 *fill*         0x0800211a        0x2 
 .text.HAL_Init
                0x0800211c       0x44 ./Drivers/STM32F4xx_HAL_Driver/Src/stm32f4xx_hal.o
                0x0800211c                HAL_Init
 .text.HAL_InitTick
                0x08002160       0x60 ./Drivers/STM32F4xx_HAL_Driver/Src/stm32f4xx_hal.o
                0x08002160                HAL_InitTick
 .text.HAL_IncTick
                0x080021c0       0x28 ./Drivers/STM32F4xx_HAL_Driver/Src/stm32f4xx_hal.o
                0x080021c0                HAL_IncTick
 .text.HAL_GetTick
                0x080021e8       0x18 ./Drivers/STM32F4xx_HAL_Driver/Src/stm32f4xx_hal.o
                0x080021e8                HAL_GetTick
 .text.HAL_Delay
                0x08002200       0x48 ./Drivers/STM32F4xx_HAL_Driver/Src/stm32f4xx_hal.o
                0x08002200                HAL_Delay
 .text.__NVIC_SetPriorityGrouping
                0x08002248       0x48 ./Drivers/STM32F4xx_HAL_Driver/Src/stm32f4xx_hal_cortex.o
 .text.__NVIC_GetPriorityGrouping
                0x08002290       0x1c ./Drivers/STM32F4xx_HAL_Driver/Src/stm32f4xx_hal_cortex.o
 .text.__NVIC_EnableIRQ
                0x080022ac       0x3c ./Drivers/STM32F4xx_HAL_Driver/Src/stm32f4xx_hal_cortex.o
 .text.__NVIC_SetPriority
                0x080022e8       0x54 ./Drivers/STM32F4xx_HAL_Driver/Src/stm32f4xx_hal_cortex.o
 .text.NVIC_EncodePriority
                0x0800233c       0x66 ./Drivers/STM32F4xx_HAL_Driver/Src/stm32f4xx_hal_cortex.o
 *fill*         0x080023a2        0x2 
 .text.SysTick_Config
                0x080023a4       0x44 ./Drivers/STM32F4xx_HAL_Driver/Src/stm32f4xx_hal_cortex.o
 .text.HAL_NVIC_SetPriorityGrouping
                0x080023e8       0x16 ./Drivers/STM32F4xx_HAL_Driver/Src/stm32f4xx_hal_cortex.o
                0x080023e8                HAL_NVIC_SetPriorityGrouping
 .text.HAL_NVIC_SetPriority
                0x080023fe       0x38 ./Drivers/STM32F4xx_HAL_Driver/Src/stm32f4xx_hal_cortex.o
                0x080023fe                HAL_NVIC_SetPriority
 .text.HAL_NVIC_EnableIRQ
                0x08002436       0x1c ./Drivers/STM32F4xx_HAL_Driver/Src/stm32f4xx_hal_cortex.o
                0x08002436                HAL_NVIC_EnableIRQ
 .text.HAL_SYSTICK_Config
                0x08002452       0x18 ./Drivers/STM32F4xx_HAL_Driver/Src/stm32f4xx_hal_cortex.o
                0x08002452                HAL_SYSTICK_Config
 *fill*         0x0800246a        0x2 
 .text.HAL_DMA_Init
                0x0800246c      0x15c ./Drivers/STM32F4xx_HAL_Driver/Src/stm32f4xx_hal_dma.o
                0x0800246c                HAL_DMA_Init
 .text.HAL_DMA_Start_IT
                0x080025c8       0xb0 ./Drivers/STM32F4xx_HAL_Driver/Src/stm32f4xx_hal_dma.o
                0x080025c8                HAL_DMA_Start_IT
 .text.HAL_DMA_IRQHandler
                0x08002678      0x314 ./Drivers/STM32F4xx_HAL_Driver/Src/stm32f4xx_hal_dma.o
                0x08002678                HAL_DMA_IRQHandler
 .text.HAL_DMA_GetState
                0x0800298c       0x1c ./Drivers/STM32F4xx_HAL_Driver/Src/stm32f4xx_hal_dma.o
                0x0800298c                HAL_DMA_GetState
 .text.DMA_SetConfig
                0x080029a8       0x5c ./Drivers/STM32F4xx_HAL_Driver/Src/stm32f4xx_hal_dma.o
 .text.DMA_CalcBaseAndBitshift
                0x08002a04       0x6c ./Drivers/STM32F4xx_HAL_Driver/Src/stm32f4xx_hal_dma.o
 .text.DMA_CheckFifoParam
                0x08002a70       0xf8 ./Drivers/STM32F4xx_HAL_Driver/Src/stm32f4xx_hal_dma.o
 .text.HAL_GPIO_Init
                0x08002b68      0x328 ./Drivers/STM32F4xx_HAL_Driver/Src/stm32f4xx_hal_gpio.o
                0x08002b68                HAL_GPIO_Init
 .text.HAL_GPIO_WritePin
                0x08002e90       0x32 ./Drivers/STM32F4xx_HAL_Driver/Src/stm32f4xx_hal_gpio.o
                0x08002e90                HAL_GPIO_WritePin
 .text.HAL_PCD_Init
                0x08002ec2      0x248 ./Drivers/STM32F4xx_HAL_Driver/Src/stm32f4xx_hal_pcd.o
                0x08002ec2                HAL_PCD_Init
 .text.HAL_PCDEx_ActivateLPM
                0x0800310a       0x48 ./Drivers/STM32F4xx_HAL_Driver/Src/stm32f4xx_hal_pcd_ex.o
                0x0800310a                HAL_PCDEx_ActivateLPM
 *fill*         0x08003152        0x2 
 .text.HAL_RCC_ClockConfig
                0x08003154      0x1cc ./Drivers/STM32F4xx_HAL_Driver/Src/stm32f4xx_hal_rcc.o
                0x08003154                HAL_RCC_ClockConfig
 .text.HAL_RCC_GetHCLKFreq
                0x08003320       0x18 ./Drivers/STM32F4xx_HAL_Driver/Src/stm32f4xx_hal_rcc.o
                0x08003320                HAL_RCC_GetHCLKFreq
 .text.HAL_RCC_GetPCLK1Freq
                0x08003338       0x28 ./Drivers/STM32F4xx_HAL_Driver/Src/stm32f4xx_hal_rcc.o
                0x08003338                HAL_RCC_GetPCLK1Freq
 .text.HAL_RCC_GetPCLK2Freq
                0x08003360       0x28 ./Drivers/STM32F4xx_HAL_Driver/Src/stm32f4xx_hal_rcc.o
                0x08003360                HAL_RCC_GetPCLK2Freq
 .text.HAL_RCCEx_PeriphCLKConfig
                0x08003388      0x654 ./Drivers/STM32F4xx_HAL_Driver/Src/stm32f4xx_hal_rcc_ex.o
                0x08003388                HAL_RCCEx_PeriphCLKConfig
 .text.HAL_RCC_GetSysClockFreq
                0x080039dc      0x460 ./Drivers/STM32F4xx_HAL_Driver/Src/stm32f4xx_hal_rcc_ex.o
                0x080039dc                HAL_RCC_GetSysClockFreq
 .text.HAL_RCC_OscConfig
                0x08003e3c      0x53c ./Drivers/STM32F4xx_HAL_Driver/Src/stm32f4xx_hal_rcc_ex.o
                0x08003e3c                HAL_RCC_OscConfig
 .text.HAL_SPI_Init
                0x08004378      0x112 ./Drivers/STM32F4xx_HAL_Driver/Src/stm32f4xx_hal_spi.o
                0x08004378                HAL_SPI_Init
 .text.HAL_SPI_Transmit
                0x0800448a      0x278 ./Drivers/STM32F4xx_HAL_Driver/Src/stm32f4xx_hal_spi.o
                0x0800448a                HAL_SPI_Transmit
 *fill*         0x08004702        0x2 
 .text.HAL_SPI_Transmit_DMA
                0x08004704      0x16c ./Drivers/STM32F4xx_HAL_Driver/Src/stm32f4xx_hal_spi.o
                0x08004704                HAL_SPI_Transmit_DMA
 .text.HAL_SPI_TxCpltCallback
                0x08004870       0x14 ./Drivers/STM32F4xx_HAL_Driver/Src/stm32f4xx_hal_spi.o
                0x08004870                HAL_SPI_TxCpltCallback
 .text.HAL_SPI_TxHalfCpltCallback
                0x08004884       0x14 ./Drivers/STM32F4xx_HAL_Driver/Src/stm32f4xx_hal_spi.o
                0x08004884                HAL_SPI_TxHalfCpltCallback
 .text.HAL_SPI_ErrorCallback
                0x08004898       0x14 ./Drivers/STM32F4xx_HAL_Driver/Src/stm32f4xx_hal_spi.o
                0x08004898                HAL_SPI_ErrorCallback
 .text.SPI_DMATransmitCplt
                0x080048ac       0xa8 ./Drivers/STM32F4xx_HAL_Driver/Src/stm32f4xx_hal_spi.o
 .text.SPI_DMAHalfTransmitCplt
                0x08004954       0x1c ./Drivers/STM32F4xx_HAL_Driver/Src/stm32f4xx_hal_spi.o
 .text.SPI_DMAError
                0x08004970       0x40 ./Drivers/STM32F4xx_HAL_Driver/Src/stm32f4xx_hal_spi.o
 .text.SPI_WaitFlagStateUntilTimeout
                0x080049b0      0x110 ./Drivers/STM32F4xx_HAL_Driver/Src/stm32f4xx_hal_spi.o
 .text.SPI_EndRxTxTransaction
                0x08004ac0       0x84 ./Drivers/STM32F4xx_HAL_Driver/Src/stm32f4xx_hal_spi.o
 .text.HAL_UART_Init
                0x08004b44       0x9a ./Drivers/STM32F4xx_HAL_Driver/Src/stm32f4xx_hal_uart.o
                0x08004b44                HAL_UART_Init
 *fill*         0x08004bde        0x2 
 .text.UART_SetConfig
                0x08004be0      0x4e8 ./Drivers/STM32F4xx_HAL_Driver/Src/stm32f4xx_hal_uart.o
 .text.USB_CoreInit
                0x080050c8       0xc2 ./Drivers/STM32F4xx_HAL_Driver/Src/stm32f4xx_ll_usb.o
                0x080050c8                USB_CoreInit
 .text.USB_DisableGlobalInt
                0x0800518a       0x22 ./Drivers/STM32F4xx_HAL_Driver/Src/stm32f4xx_ll_usb.o
                0x0800518a                USB_DisableGlobalInt
 .text.USB_SetCurrentMode
                0x080051ac       0x98 ./Drivers/STM32F4xx_HAL_Driver/Src/stm32f4xx_ll_usb.o
                0x080051ac                USB_SetCurrentMode
 .text.USB_DevInit
                0x08005244      0x2bc ./Drivers/STM32F4xx_HAL_Driver/Src/stm32f4xx_ll_usb.o
                0x08005244                USB_DevInit
 .text.USB_FlushTxFifo
                0x08005500       0x68 ./Drivers/STM32F4xx_HAL_Driver/Src/stm32f4xx_ll_usb.o
                0x08005500                USB_FlushTxFifo
 .text.USB_FlushRxFifo
                0x08005568       0x60 ./Drivers/STM32F4xx_HAL_Driver/Src/stm32f4xx_ll_usb.o
                0x08005568                USB_FlushRxFifo
 .text.USB_SetDevSpeed
                0x080055c8       0x32 ./Drivers/STM32F4xx_HAL_Driver/Src/stm32f4xx_ll_usb.o
                0x080055c8                USB_SetDevSpeed
 .text.USB_DevDisconnect
                0x080055fa       0x42 ./Drivers/STM32F4xx_HAL_Driver/Src/stm32f4xx_ll_usb.o
                0x080055fa                USB_DevDisconnect
 .text.USB_GetMode
                0x0800563c       0x1c ./Drivers/STM32F4xx_HAL_Driver/Src/stm32f4xx_ll_usb.o
                0x0800563c                USB_GetMode
 .text.USB_CoreReset
                0x08005658       0x68 ./Drivers/STM32F4xx_HAL_Driver/Src/stm32f4xx_ll_usb.o
 .text.ptr_8to16
                0x080056c0       0x30 ./Drivers/UGUI/ugui.o
 .text.UG_Init  0x080056f0      0x134 ./Drivers/UGUI/ugui.o
                0x080056f0                UG_Init
 .text.UG_GetGUI
                0x08005824       0x18 ./Drivers/UGUI/ugui.o
                0x08005824                UG_GetGUI
 .text.UG_FontSelect
                0x0800583c       0x20 ./Drivers/UGUI/ugui.o
                0x0800583c                UG_FontSelect
 .text.UG_FillScreen
                0x0800585c       0x48 ./Drivers/UGUI/ugui.o
                0x0800585c                UG_FillScreen
 .text.UG_FillFrame
                0x080058a4       0xe4 ./Drivers/UGUI/ugui.o
                0x080058a4                UG_FillFrame
 .text.UG_DrawMesh
                0x08005988       0xee ./Drivers/UGUI/ugui.o
                0x08005988                UG_DrawMesh
 .text.UG_DrawFrame
                0x08005a76       0x8e ./Drivers/UGUI/ugui.o
                0x08005a76                UG_DrawFrame
 .text.UG_DrawPixel
                0x08005b04       0x34 ./Drivers/UGUI/ugui.o
                0x08005b04                UG_DrawPixel
 .text.UG_DrawCircle
                0x08005b38      0x1cc ./Drivers/UGUI/ugui.o
                0x08005b38                UG_DrawCircle
 .text.UG_FillCircle
                0x08005d04      0x1b2 ./Drivers/UGUI/ugui.o
                0x08005d04                UG_FillCircle
 *fill*         0x08005eb6        0x2 
 .text.UG_DrawLine
                0x08005eb8      0x1c0 ./Drivers/UGUI/ugui.o
                0x08005eb8                UG_DrawLine
 .text.UG_DrawTriangle
                0x08006078       0x74 ./Drivers/UGUI/ugui.o
                0x08006078                UG_DrawTriangle
 .text.UG_FillTriangle
                0x080060ec      0x2d0 ./Drivers/UGUI/ugui.o
                0x080060ec                UG_FillTriangle
 .text.UG_PutString
                0x080063bc      0x130 ./Drivers/UGUI/ugui.o
                0x080063bc                UG_PutString
 .text.UG_SetForecolor
                0x080064ec       0x24 ./Drivers/UGUI/ugui.o
                0x080064ec                UG_SetForecolor
 .text.UG_SetBackcolor
                0x08006510       0x24 ./Drivers/UGUI/ugui.o
                0x08006510                UG_SetBackcolor
 .text.UG_GetXDim
                0x08006534       0x1c ./Drivers/UGUI/ugui.o
                0x08006534                UG_GetXDim
 .text.UG_GetYDim
                0x08006550       0x1c ./Drivers/UGUI/ugui.o
                0x08006550                UG_GetYDim
 .text.UG_FontSetHSpace
                0x0800656c       0x28 ./Drivers/UGUI/ugui.o
                0x0800656c                UG_FontSetHSpace
 .text.UG_FontSetVSpace
                0x08006594       0x28 ./Drivers/UGUI/ugui.o
                0x08006594                UG_FontSetVSpace
 .text.UG_FontSetTransparency
                0x080065bc       0x24 ./Drivers/UGUI/ugui.o
                0x080065bc                UG_FontSetTransparency
 .text.UG_FontGetTransparency
                0x080065e0       0x1c ./Drivers/UGUI/ugui.o
                0x080065e0                UG_FontGetTransparency
 .text._UG_DecodeUTF8
                0x080065fc       0xee ./Drivers/UGUI/ugui.o
 *fill*         0x080066ea        0x2 
 .text._UG_GetCharData
                0x080066ec      0x298 ./Drivers/UGUI/ugui.o
 .text._UG_FontSelect
                0x08006984      0x104 ./Drivers/UGUI/ugui.o
 .text._UG_PutChar
                0x08006a88      0x4c4 ./Drivers/UGUI/ugui.o
 .text._UG_ProcessTouchData
                0x08006f4c      0x16c ./Drivers/UGUI/ugui.o
 .text._UG_UpdateObjects
                0x080070b8       0x92 ./Drivers/UGUI/ugui.o
 *fill*         0x0800714a        0x2 
 .text._UG_HandleEvents
                0x0800714c       0x98 ./Drivers/UGUI/ugui.o
 .text._UG_PutText
                0x080071e4      0x288 ./Drivers/UGUI/ugui.o
                0x080071e4                _UG_PutText
 .text._UG_SearchObject
                0x0800746c       0x76 ./Drivers/UGUI/ugui.o
                0x0800746c                _UG_SearchObject
 .text._UG_DrawObjectFrame
                0x080074e2      0x242 ./Drivers/UGUI/ugui.o
                0x080074e2                _UG_DrawObjectFrame
 .text._UG_GetFreeObject
                0x08007724       0x5a ./Drivers/UGUI/ugui.o
                0x08007724                _UG_GetFreeObject
 *fill*         0x0800777e        0x2 
 .text.UG_DriverRegister
                0x08007780       0x44 ./Drivers/UGUI/ugui.o
                0x08007780                UG_DriverRegister
 .text.UG_Update
                0x080077c4      0x184 ./Drivers/UGUI/ugui.o
                0x080077c4                UG_Update
 .text.UG_DrawBMP
                0x08007948      0x244 ./Drivers/UGUI/ugui.o
                0x08007948                UG_DrawBMP
 .text.UG_TouchUpdate
                0x08007b8c       0x3c ./Drivers/UGUI/ugui.o
                0x08007b8c                UG_TouchUpdate
 .text.UG_WindowCreate
                0x08007bc8      0x120 ./Drivers/UGUI/ugui.o
                0x08007bc8                UG_WindowCreate
 .text.UG_WindowDelete
                0x08007ce8       0x7c ./Drivers/UGUI/ugui.o
                0x08007ce8                UG_WindowDelete
 .text.UG_WindowShow
                0x08007d64       0x4c ./Drivers/UGUI/ugui.o
                0x08007d64                UG_WindowShow
 .text.UG_WindowHide
                0x08007db0       0xe0 ./Drivers/UGUI/ugui.o
                0x08007db0                UG_WindowHide
 .text.UG_WindowResize
                0x08007e90      0x1f0 ./Drivers/UGUI/ugui.o
                0x08007e90                UG_WindowResize
 .text.UG_WindowSetTitleText
                0x08008080       0x44 ./Drivers/UGUI/ugui.o
                0x08008080                UG_WindowSetTitleText
 .text.UG_WindowSetTitleTextFont
                0x080080c4       0x76 ./Drivers/UGUI/ugui.o
                0x080080c4                UG_WindowSetTitleTextFont
 .text.UG_WindowSetTitleHeight
                0x0800813a       0x56 ./Drivers/UGUI/ugui.o
                0x0800813a                UG_WindowSetTitleHeight
 .text.UG_WindowSetXStart
                0x08008190       0x64 ./Drivers/UGUI/ugui.o
                0x08008190                UG_WindowSetXStart
 .text.UG_WindowSetYStart
                0x080081f4       0x64 ./Drivers/UGUI/ugui.o
                0x080081f4                UG_WindowSetYStart
 .text.UG_WindowSetXEnd
                0x08008258       0x64 ./Drivers/UGUI/ugui.o
                0x08008258                UG_WindowSetXEnd
 .text.UG_WindowSetYEnd
                0x080082bc       0x64 ./Drivers/UGUI/ugui.o
                0x080082bc                UG_WindowSetYEnd
 .text.UG_WindowGetArea
                0x08008320       0xd4 ./Drivers/UGUI/ugui.o
                0x08008320                UG_WindowGetArea
 .text._UG_WindowDrawTitle
                0x080083f4      0x150 ./Drivers/UGUI/ugui.o
 .text._UG_WindowUpdate
                0x08008544      0x17c ./Drivers/UGUI/ugui.o
 .text._UG_WindowClear
                0x080086c0       0xac ./Drivers/UGUI/ugui.o
 .text.UG_ButtonCreate
                0x0800876c      0x114 ./Drivers/UGUI/ugui_button.o
                0x0800876c                UG_ButtonCreate
 .text.UG_ButtonSetForeColor
                0x08008880       0x56 ./Drivers/UGUI/ugui_button.o
                0x08008880                UG_ButtonSetForeColor
 .text.UG_ButtonSetBackColor
                0x080088d6       0x56 ./Drivers/UGUI/ugui_button.o
                0x080088d6                UG_ButtonSetBackColor
 .text.UG_ButtonSetText
                0x0800892c       0x54 ./Drivers/UGUI/ugui_button.o
                0x0800892c                UG_ButtonSetText
 .text.UG_ButtonSetFont
                0x08008980       0x54 ./Drivers/UGUI/ugui_button.o
                0x08008980                UG_ButtonSetFont
 .text.UG_ButtonSetStyle
                0x080089d4      0x106 ./Drivers/UGUI/ugui_button.o
                0x080089d4                UG_ButtonSetStyle
 *fill*         0x08008ada        0x2 
 .text._UG_ButtonUpdate
                0x08008adc      0x3bc ./Drivers/UGUI/ugui_button.o
 .text.UG_ProgressCreate
                0x08008e98       0xc8 ./Drivers/UGUI/ugui_progress.o
                0x08008e98                UG_ProgressCreate
 .text.UG_ProgressSetForeColor
                0x08008f60       0x56 ./Drivers/UGUI/ugui_progress.o
                0x08008f60                UG_ProgressSetForeColor
 .text.UG_ProgressSetProgress
                0x08008fb6       0x7c ./Drivers/UGUI/ugui_progress.o
                0x08008fb6                UG_ProgressSetProgress
 *fill*         0x08009032        0x2 
 .text._UG_ProgressUpdate
                0x08009034      0x37c ./Drivers/UGUI/ugui_progress.o
 .text.UG_TextboxCreate
                0x080093b0       0xf8 ./Drivers/UGUI/ugui_textbox.o
                0x080093b0                UG_TextboxCreate
 .text.UG_TextboxSetForeColor
                0x080094a8       0x56 ./Drivers/UGUI/ugui_textbox.o
                0x080094a8                UG_TextboxSetForeColor
 .text.UG_TextboxSetBackColor
                0x080094fe       0x56 ./Drivers/UGUI/ugui_textbox.o
                0x080094fe                UG_TextboxSetBackColor
 .text.UG_TextboxSetText
                0x08009554       0x54 ./Drivers/UGUI/ugui_textbox.o
                0x08009554                UG_TextboxSetText
 .text.UG_TextboxSetFont
                0x080095a8       0x54 ./Drivers/UGUI/ugui_textbox.o
                0x080095a8                UG_TextboxSetFont
 .text.UG_TextboxSetAlignment
                0x080095fc       0x56 ./Drivers/UGUI/ugui_textbox.o
                0x080095fc                UG_TextboxSetAlignment
 .text._UG_TextboxUpdate
                0x08009652      0x190 ./Drivers/UGUI/ugui_textbox.o
 *fill*         0x080097e2        0x2 
 .text.sprintf  0x080097e4       0x40 C:/ST/STM32CubeIDE_1.10.1/STM32CubeIDE/plugins/com.st.stm32cube.ide.mcu.externaltools.gnu-tools-for-stm32.12.3.rel1.win32_1.0.100.202403111256/tools/bin/../lib/gcc/arm-none-eabi/12.3.1/../../../../arm-none-eabi/lib/thumb/v7e-m+fp/hard\libc_nano.a(libc_a-sprintf.o)
                0x080097e4                siprintf
                0x080097e4                sprintf
 .text.memset   0x08009824       0x10 C:/ST/STM32CubeIDE_1.10.1/STM32CubeIDE/plugins/com.st.stm32cube.ide.mcu.externaltools.gnu-tools-for-stm32.12.3.rel1.win32_1.0.100.202403111256/tools/bin/../lib/gcc/arm-none-eabi/12.3.1/../../../../arm-none-eabi/lib/thumb/v7e-m+fp/hard\libc_nano.a(libc_a-memset.o)
                0x08009824                memset
 .text.__errno  0x08009834        0xc C:/ST/STM32CubeIDE_1.10.1/STM32CubeIDE/plugins/com.st.stm32cube.ide.mcu.externaltools.gnu-tools-for-stm32.12.3.rel1.win32_1.0.100.202403111256/tools/bin/../lib/gcc/arm-none-eabi/12.3.1/../../../../arm-none-eabi/lib/thumb/v7e-m+fp/hard\libc_nano.a(libc_a-errno.o)
                0x08009834                __errno
 .text.__libc_init_array
                0x08009840       0x48 C:/ST/STM32CubeIDE_1.10.1/STM32CubeIDE/plugins/com.st.stm32cube.ide.mcu.externaltools.gnu-tools-for-stm32.12.3.rel1.win32_1.0.100.202403111256/tools/bin/../lib/gcc/arm-none-eabi/12.3.1/../../../../arm-none-eabi/lib/thumb/v7e-m+fp/hard\libc_nano.a(libc_a-init.o)
                0x08009840                __libc_init_array
 .text.__retarget_lock_acquire_recursive
                0x08009888        0x2 C:/ST/STM32CubeIDE_1.10.1/STM32CubeIDE/plugins/com.st.stm32cube.ide.mcu.externaltools.gnu-tools-for-stm32.12.3.rel1.win32_1.0.100.202403111256/tools/bin/../lib/gcc/arm-none-eabi/12.3.1/../../../../arm-none-eabi/lib/thumb/v7e-m+fp/hard\libc_nano.a(libc_a-lock.o)
                0x08009888                __retarget_lock_acquire_recursive
 .text.__retarget_lock_release_recursive
                0x0800988a        0x2 C:/ST/STM32CubeIDE_1.10.1/STM32CubeIDE/plugins/com.st.stm32cube.ide.mcu.externaltools.gnu-tools-for-stm32.12.3.rel1.win32_1.0.100.202403111256/tools/bin/../lib/gcc/arm-none-eabi/12.3.1/../../../../arm-none-eabi/lib/thumb/v7e-m+fp/hard\libc_nano.a(libc_a-lock.o)
                0x0800988a                __retarget_lock_release_recursive
 .text._free_r  0x0800988c       0x94 C:/ST/STM32CubeIDE_1.10.1/STM32CubeIDE/plugins/com.st.stm32cube.ide.mcu.externaltools.gnu-tools-for-stm32.12.3.rel1.win32_1.0.100.202403111256/tools/bin/../lib/gcc/arm-none-eabi/12.3.1/../../../../arm-none-eabi/lib/thumb/v7e-m+fp/hard\libc_nano.a(libc_a-freer.o)
                0x0800988c                _free_r
 .text.sbrk_aligned
                0x08009920       0x44 C:/ST/STM32CubeIDE_1.10.1/STM32CubeIDE/plugins/com.st.stm32cube.ide.mcu.externaltools.gnu-tools-for-stm32.12.3.rel1.win32_1.0.100.202403111256/tools/bin/../lib/gcc/arm-none-eabi/12.3.1/../../../../arm-none-eabi/lib/thumb/v7e-m+fp/hard\libc_nano.a(libc_a-mallocr.o)
 .text._malloc_r
                0x08009964      0x100 C:/ST/STM32CubeIDE_1.10.1/STM32CubeIDE/plugins/com.st.stm32cube.ide.mcu.externaltools.gnu-tools-for-stm32.12.3.rel1.win32_1.0.100.202403111256/tools/bin/../lib/gcc/arm-none-eabi/12.3.1/../../../../arm-none-eabi/lib/thumb/v7e-m+fp/hard\libc_nano.a(libc_a-mallocr.o)
                0x08009964                _malloc_r
 .text.__malloc_lock
                0x08009a64        0xc C:/ST/STM32CubeIDE_1.10.1/STM32CubeIDE/plugins/com.st.stm32cube.ide.mcu.externaltools.gnu-tools-for-stm32.12.3.rel1.win32_1.0.100.202403111256/tools/bin/../lib/gcc/arm-none-eabi/12.3.1/../../../../arm-none-eabi/lib/thumb/v7e-m+fp/hard\libc_nano.a(libc_a-mlock.o)
                0x08009a64                __malloc_lock
 .text.__malloc_unlock
                0x08009a70        0xc C:/ST/STM32CubeIDE_1.10.1/STM32CubeIDE/plugins/com.st.stm32cube.ide.mcu.externaltools.gnu-tools-for-stm32.12.3.rel1.win32_1.0.100.202403111256/tools/bin/../lib/gcc/arm-none-eabi/12.3.1/../../../../arm-none-eabi/lib/thumb/v7e-m+fp/hard\libc_nano.a(libc_a-mlock.o)
                0x08009a70                __malloc_unlock
 .text.__ssputs_r
                0x08009a7c       0xb6 C:/ST/STM32CubeIDE_1.10.1/STM32CubeIDE/plugins/com.st.stm32cube.ide.mcu.externaltools.gnu-tools-for-stm32.12.3.rel1.win32_1.0.100.202403111256/tools/bin/../lib/gcc/arm-none-eabi/12.3.1/../../../../arm-none-eabi/lib/thumb/v7e-m+fp/hard\libc_nano.a(libc_a-nano-svfprintf.o)
                0x08009a7c                __ssputs_r
 *fill*         0x08009b32        0x2 
 .text._svfprintf_r
                0x08009b34      0x1f8 C:/ST/STM32CubeIDE_1.10.1/STM32CubeIDE/plugins/com.st.stm32cube.ide.mcu.externaltools.gnu-tools-for-stm32.12.3.rel1.win32_1.0.100.202403111256/tools/bin/../lib/gcc/arm-none-eabi/12.3.1/../../../../arm-none-eabi/lib/thumb/v7e-m+fp/hard\libc_nano.a(libc_a-nano-svfprintf.o)
                0x08009b34                _svfiprintf_r
                0x08009b34                _svfprintf_r
 .text._printf_common
                0x08009d2c       0xda C:/ST/STM32CubeIDE_1.10.1/STM32CubeIDE/plugins/com.st.stm32cube.ide.mcu.externaltools.gnu-tools-for-stm32.12.3.rel1.win32_1.0.100.202403111256/tools/bin/../lib/gcc/arm-none-eabi/12.3.1/../../../../arm-none-eabi/lib/thumb/v7e-m+fp/hard\libc_nano.a(libc_a-nano-vfprintf_i.o)
                0x08009d2c                _printf_common
 *fill*         0x08009e06        0x2 
 .text._printf_i
                0x08009e08      0x240 C:/ST/STM32CubeIDE_1.10.1/STM32CubeIDE/plugins/com.st.stm32cube.ide.mcu.externaltools.gnu-tools-for-stm32.12.3.rel1.win32_1.0.100.202403111256/tools/bin/../lib/gcc/arm-none-eabi/12.3.1/../../../../arm-none-eabi/lib/thumb/v7e-m+fp/hard\libc_nano.a(libc_a-nano-vfprintf_i.o)
                0x08009e08                _printf_i
 .text.memmove  0x0800a048       0x34 C:/ST/STM32CubeIDE_1.10.1/STM32CubeIDE/plugins/com.st.stm32cube.ide.mcu.externaltools.gnu-tools-for-stm32.12.3.rel1.win32_1.0.100.202403111256/tools/bin/../lib/gcc/arm-none-eabi/12.3.1/../../../../arm-none-eabi/lib/thumb/v7e-m+fp/hard\libc_nano.a(libc_a-memmove.o)
                0x0800a048                memmove
 .text._sbrk_r  0x0800a07c       0x20 C:/ST/STM32CubeIDE_1.10.1/STM32CubeIDE/plugins/com.st.stm32cube.ide.mcu.externaltools.gnu-tools-for-stm32.12.3.rel1.win32_1.0.100.202403111256/tools/bin/../lib/gcc/arm-none-eabi/12.3.1/../../../../arm-none-eabi/lib/thumb/v7e-m+fp/hard\libc_nano.a(libc_a-sbrkr.o)
                0x0800a07c                _sbrk_r
 .text.memcpy   0x0800a09c       0x1c C:/ST/STM32CubeIDE_1.10.1/STM32CubeIDE/plugins/com.st.stm32cube.ide.mcu.externaltools.gnu-tools-for-stm32.12.3.rel1.win32_1.0.100.202403111256/tools/bin/../lib/gcc/arm-none-eabi/12.3.1/../../../../arm-none-eabi/lib/thumb/v7e-m+fp/hard\libc_nano.a(libc_a-memcpy-stub.o)
                0x0800a09c                memcpy
 .text._realloc_r
                0x0800a0b8       0x5c C:/ST/STM32CubeIDE_1.10.1/STM32CubeIDE/plugins/com.st.stm32cube.ide.mcu.externaltools.gnu-tools-for-stm32.12.3.rel1.win32_1.0.100.202403111256/tools/bin/../lib/gcc/arm-none-eabi/12.3.1/../../../../arm-none-eabi/lib/thumb/v7e-m+fp/hard\libc_nano.a(libc_a-reallocr.o)
                0x0800a0b8                _realloc_r
 .text._malloc_usable_size_r
                0x0800a114       0x10 C:/ST/STM32CubeIDE_1.10.1/STM32CubeIDE/plugins/com.st.stm32cube.ide.mcu.externaltools.gnu-tools-for-stm32.12.3.rel1.win32_1.0.100.202403111256/tools/bin/../lib/gcc/arm-none-eabi/12.3.1/../../../../arm-none-eabi/lib/thumb/v7e-m+fp/hard\libc_nano.a(libc_a-msizer.o)
                0x0800a114                _malloc_usable_size_r
 *(.glue_7)
 .glue_7        0x0800a124        0x0 linker stubs
 *(.glue_7t)
 .glue_7t       0x0800a124        0x0 linker stubs
 *(.eh_frame)
 .eh_frame      0x0800a124        0x0 C:/ST/STM32CubeIDE_1.10.1/STM32CubeIDE/plugins/com.st.stm32cube.ide.mcu.externaltools.gnu-tools-for-stm32.12.3.rel1.win32_1.0.100.202403111256/tools/bin/../lib/gcc/arm-none-eabi/12.3.1/thumb/v7e-m+fp/hard/crtbegin.o
 *(.init)
 .init          0x0800a124        0x4 C:/ST/STM32CubeIDE_1.10.1/STM32CubeIDE/plugins/com.st.stm32cube.ide.mcu.externaltools.gnu-tools-for-stm32.12.3.rel1.win32_1.0.100.202403111256/tools/bin/../lib/gcc/arm-none-eabi/12.3.1/thumb/v7e-m+fp/hard/crti.o
                0x0800a124                _init
 .init          0x0800a128        0x8 C:/ST/STM32CubeIDE_1.10.1/STM32CubeIDE/plugins/com.st.stm32cube.ide.mcu.externaltools.gnu-tools-for-stm32.12.3.rel1.win32_1.0.100.202403111256/tools/bin/../lib/gcc/arm-none-eabi/12.3.1/thumb/v7e-m+fp/hard/crtn.o
 *(.fini)
 .fini          0x0800a130        0x4 C:/ST/STM32CubeIDE_1.10.1/STM32CubeIDE/plugins/com.st.stm32cube.ide.mcu.externaltools.gnu-tools-for-stm32.12.3.rel1.win32_1.0.100.202403111256/tools/bin/../lib/gcc/arm-none-eabi/12.3.1/thumb/v7e-m+fp/hard/crti.o
                0x0800a130                _fini
 .fini          0x0800a134        0x8 C:/ST/STM32CubeIDE_1.10.1/STM32CubeIDE/plugins/com.st.stm32cube.ide.mcu.externaltools.gnu-tools-for-stm32.12.3.rel1.win32_1.0.100.202403111256/tools/bin/../lib/gcc/arm-none-eabi/12.3.1/thumb/v7e-m+fp/hard/crtn.o
                0x0800a13c                        . = ALIGN (0x4)
                0x0800a13c                        _etext = .

.vfp11_veneer   0x0800a13c        0x0
 .vfp11_veneer  0x0800a13c        0x0 linker stubs

.v4_bx          0x0800a13c        0x0
 .v4_bx         0x0800a13c        0x0 linker stubs

.iplt           0x0800a13c        0x0
 .iplt          0x0800a13c        0x0 C:/ST/STM32CubeIDE_1.10.1/STM32CubeIDE/plugins/com.st.stm32cube.ide.mcu.externaltools.gnu-tools-for-stm32.12.3.rel1.win32_1.0.100.202403111256/tools/bin/../lib/gcc/arm-none-eabi/12.3.1/thumb/v7e-m+fp/hard/crtbegin.o

.rodata         0x0800a13c    0x1777c
                0x0800a13c                        . = ALIGN (0x4)
 *(.rodata)
 .rodata        0x0800a13c       0xde ./Drivers/LCD/lcd.o
 *fill*         0x0800a21a        0x2 
 .rodata        0x0800a21c        0x2 ./Drivers/UGUI/ugui_button.o
 *(.rodata*)
 *fill*         0x0800a21e        0x2 
 .rodata.AHBPrescTable
                0x0800a220       0x10 ./Core/Src/system_stm32f4xx.o
                0x0800a220                AHBPrescTable
 .rodata.APBPrescTable
                0x0800a230        0x8 ./Core/Src/system_stm32f4xx.o
                0x0800a230                APBPrescTable
 .rodata.fry_data
                0x0800a238     0x4494 ./Drivers/LCD/images.o
                0x0800a238                fry_data
 .rodata.init_cmd
                0x0800e6cc       0x4c ./Drivers/LCD/lcd.o
                0x0800e6cc                init_cmd
 .rodata.flagBitshiftOffset.0
                0x0800e718        0x8 ./Drivers/STM32F4xx_HAL_Driver/Src/stm32f4xx_hal_dma.o
 .rodata.FONT_arial_49X57
                0x0800e720    0x128f2 ./Drivers/UGUI/Fonts/arial_49X57.o
                0x0800e720                FONT_arial_49X57
 *fill*         0x08021012        0x2 
 .rodata.FONT_6X8
                0x08021014      0x80e ./Drivers/UGUI/Fonts/font_6x8.o
                0x08021014                FONT_6X8
 *fill*         0x08021822        0x2 
 .rodata.pal_window
                0x08021824       0x18 ./Drivers/UGUI/ugui.o
 .rodata.pal_button_pressed
                0x0802183c       0x18 ./Drivers/UGUI/ugui_button.o
                0x0802183c                pal_button_pressed
 .rodata.pal_button_released
                0x08021854       0x18 ./Drivers/UGUI/ugui_button.o
                0x08021854                pal_button_released
 .rodata.pal_progress
                0x0802186c       0x18 ./Drivers/UGUI/ugui_progress.o
                0x0802186c                pal_progress
 .rodata._svfprintf_r.str1.1
                0x08021884       0x11 C:/ST/STM32CubeIDE_1.10.1/STM32CubeIDE/plugins/com.st.stm32cube.ide.mcu.externaltools.gnu-tools-for-stm32.12.3.rel1.win32_1.0.100.202403111256/tools/bin/../lib/gcc/arm-none-eabi/12.3.1/../../../../arm-none-eabi/lib/thumb/v7e-m+fp/hard\libc_nano.a(libc_a-nano-svfprintf.o)
 .rodata._printf_i.str1.1
                0x08021895       0x22 C:/ST/STM32CubeIDE_1.10.1/STM32CubeIDE/plugins/com.st.stm32cube.ide.mcu.externaltools.gnu-tools-for-stm32.12.3.rel1.win32_1.0.100.202403111256/tools/bin/../lib/gcc/arm-none-eabi/12.3.1/../../../../arm-none-eabi/lib/thumb/v7e-m+fp/hard\libc_nano.a(libc_a-nano-vfprintf_i.o)
                0x080218b8                        . = ALIGN (0x4)
 *fill*         0x080218b7        0x1 

.ARM.extab      0x080218b8        0x0
                0x080218b8                        . = ALIGN (0x4)
 *(.ARM.extab* .gnu.linkonce.armextab.*)
                0x080218b8                        . = ALIGN (0x4)

.ARM            0x080218b8        0x8
                0x080218b8                        . = ALIGN (0x4)
                0x080218b8                        __exidx_start = .
 *(.ARM.exidx*)
 .ARM.exidx     0x080218b8        0x8 C:/ST/STM32CubeIDE_1.10.1/STM32CubeIDE/plugins/com.st.stm32cube.ide.mcu.externaltools.gnu-tools-for-stm32.12.3.rel1.win32_1.0.100.202403111256/tools/bin/../lib/gcc/arm-none-eabi/12.3.1/../../../../arm-none-eabi/lib/thumb/v7e-m+fp/hard\libc_nano.a(libc_a-memchr.o)
 .ARM.exidx     0x080218c0        0x0 C:/ST/STM32CubeIDE_1.10.1/STM32CubeIDE/plugins/com.st.stm32cube.ide.mcu.externaltools.gnu-tools-for-stm32.12.3.rel1.win32_1.0.100.202403111256/tools/bin/../lib/gcc/arm-none-eabi/12.3.1/thumb/v7e-m+fp/hard\libgcc.a(_udivmoddi4.o)
                                  0x8 (size before relaxing)
                0x080218c0                        __exidx_end = .
                0x080218c0                        . = ALIGN (0x4)

.rel.dyn        0x080218c0        0x0
 .rel.iplt      0x080218c0        0x0 C:/ST/STM32CubeIDE_1.10.1/STM32CubeIDE/plugins/com.st.stm32cube.ide.mcu.externaltools.gnu-tools-for-stm32.12.3.rel1.win32_1.0.100.202403111256/tools/bin/../lib/gcc/arm-none-eabi/12.3.1/thumb/v7e-m+fp/hard/crtbegin.o

.preinit_array  0x080218c0        0x0
                0x080218c0                        . = ALIGN (0x4)
                0x080218c0                        PROVIDE (__preinit_array_start = .)
 *(.preinit_array*)
                0x080218c0                        PROVIDE (__preinit_array_end = .)
                0x080218c0                        . = ALIGN (0x4)

.init_array     0x080218c0        0x4
                0x080218c0                        . = ALIGN (0x4)
                0x080218c0                        PROVIDE (__init_array_start = .)
 *(SORT_BY_NAME(.init_array.*))
 *(.init_array*)
 .init_array    0x080218c0        0x4 C:/ST/STM32CubeIDE_1.10.1/STM32CubeIDE/plugins/com.st.stm32cube.ide.mcu.externaltools.gnu-tools-for-stm32.12.3.rel1.win32_1.0.100.202403111256/tools/bin/../lib/gcc/arm-none-eabi/12.3.1/thumb/v7e-m+fp/hard/crtbegin.o
                0x080218c4                        PROVIDE (__init_array_end = .)
                0x080218c4                        . = ALIGN (0x4)

.fini_array     0x080218c4        0x4
                0x080218c4                        . = ALIGN (0x4)
                [!provide]                        PROVIDE (__fini_array_start = .)
 *(SORT_BY_NAME(.fini_array.*))
 *(.fini_array*)
 .fini_array    0x080218c4        0x4 C:/ST/STM32CubeIDE_1.10.1/STM32CubeIDE/plugins/com.st.stm32cube.ide.mcu.externaltools.gnu-tools-for-stm32.12.3.rel1.win32_1.0.100.202403111256/tools/bin/../lib/gcc/arm-none-eabi/12.3.1/thumb/v7e-m+fp/hard/crtbegin.o
                [!provide]                        PROVIDE (__fini_array_end = .)
                0x080218c8                        . = ALIGN (0x4)
                0x080218c8                        _sidata = LOADADDR (.data)

.data           0x20000000       0x78 load address 0x080218c8
                0x20000000                        . = ALIGN (0x4)
                0x20000000                        _sdata = .
 *(.data)
 *(.data*)
 .data.SystemCoreClock
                0x20000000        0x4 ./Core/Src/system_stm32f4xx.o
                0x20000000                SystemCoreClock
 .data.fry      0x20000004        0xc ./Drivers/LCD/images.o
                0x20000004                fry
 .data.config   0x20000010        0x3 ./Drivers/LCD/lcd.o
                0x20000010                config
 *fill*         0x20000013        0x1 
 .data.device   0x20000014        0xc ./Drivers/LCD/lcd.o
 .data.uwTickPrio
                0x20000020        0x4 ./Drivers/STM32F4xx_HAL_Driver/Src/stm32f4xx_hal.o
                0x20000020                uwTickPrio
 .data.uwTickFreq
                0x20000024        0x1 ./Drivers/STM32F4xx_HAL_Driver/Src/stm32f4xx_hal.o
                0x20000024                uwTickFreq
 *fill*         0x20000025        0x3 
 .data._impure_ptr
                0x20000028        0x4 C:/ST/STM32CubeIDE_1.10.1/STM32CubeIDE/plugins/com.st.stm32cube.ide.mcu.externaltools.gnu-tools-for-stm32.12.3.rel1.win32_1.0.100.202403111256/tools/bin/../lib/gcc/arm-none-eabi/12.3.1/../../../../arm-none-eabi/lib/thumb/v7e-m+fp/hard\libc_nano.a(libc_a-impure.o)
                0x20000028                _impure_ptr
 .data._impure_data
                0x2000002c       0x4c C:/ST/STM32CubeIDE_1.10.1/STM32CubeIDE/plugins/com.st.stm32cube.ide.mcu.externaltools.gnu-tools-for-stm32.12.3.rel1.win32_1.0.100.202403111256/tools/bin/../lib/gcc/arm-none-eabi/12.3.1/../../../../arm-none-eabi/lib/thumb/v7e-m+fp/hard\libc_nano.a(libc_a-impure.o)
                0x2000002c                _impure_data
 *(.RamFunc)
 *(.RamFunc*)
                0x20000078                        . = ALIGN (0x4)
                0x20000078                        _edata = .

.igot.plt       0x20000078        0x0 load address 0x08021940
 .igot.plt      0x20000078        0x0 C:/ST/STM32CubeIDE_1.10.1/STM32CubeIDE/plugins/com.st.stm32cube.ide.mcu.externaltools.gnu-tools-for-stm32.12.3.rel1.win32_1.0.100.202403111256/tools/bin/../lib/gcc/arm-none-eabi/12.3.1/thumb/v7e-m+fp/hard/crtbegin.o
                0x20000078                        . = ALIGN (0x4)

.bss            0x20000078      0x9d0 load address 0x08021940
                0x20000078                        _sbss = .
                0x20000078                        __bss_start__ = _sbss
 *(.bss)
 .bss           0x20000078       0x1c C:/ST/STM32CubeIDE_1.10.1/STM32CubeIDE/plugins/com.st.stm32cube.ide.mcu.externaltools.gnu-tools-for-stm32.12.3.rel1.win32_1.0.100.202403111256/tools/bin/../lib/gcc/arm-none-eabi/12.3.1/thumb/v7e-m+fp/hard/crtbegin.o
 *(.bss*)
 .bss.hspi1     0x20000094       0x58 ./Core/Src/main.o
                0x20000094                hspi1
 .bss.hdma_spi1_tx
                0x200000ec       0x60 ./Core/Src/main.o
                0x200000ec                hdma_spi1_tx
 .bss.huart3    0x2000014c       0x44 ./Core/Src/main.o
                0x2000014c                huart3
 .bss.hpcd_USB_OTG_FS
                0x20000190      0x50c ./Core/Src/main.o
                0x20000190                hpcd_USB_OTG_FS
 .bss.__sbrk_heap_end
                0x2000069c        0x4 ./Core/Src/sysmem.o
 .bss.str       0x200006a0       0x20 ./Drivers/LCD/lcd.o
                0x200006a0                str
 .bss.gui       0x200006c0       0x74 ./Drivers/LCD/lcd.o
 .bss.draw_time
                0x20000734        0x4 ./Drivers/LCD/lcd.o
 .bss.window_1  0x20000738       0x34 ./Drivers/LCD/lcd.o
 .bss.button_1  0x2000076c       0x18 ./Drivers/LCD/lcd.o
 .bss.textbox_1
                0x20000784       0x14 ./Drivers/LCD/lcd.o
 .bss.obj_buff_wnd_1
                0x20000798      0x140 ./Drivers/LCD/lcd.o
 .bss.pgb       0x200008d8        0x8 ./Drivers/LCD/lcd.o
 .bss.uwTick    0x200008e0        0x4 ./Drivers/STM32F4xx_HAL_Driver/Src/stm32f4xx_hal.o
                0x200008e0                uwTick
 .bss.gui       0x200008e4        0x4 ./Drivers/UGUI/ugui.o
 .bss.last_font.4
                0x200008e8        0x4 ./Drivers/UGUI/ugui.o
 .bss.last_encoding.3
                0x200008ec        0x2 ./Drivers/UGUI/ugui.o
 *fill*         0x200008ee        0x2 
 .bss.last_p.2  0x200008f0        0x4 ./Drivers/UGUI/ugui.o
 .bss.last_width.1
                0x200008f4        0x2 ./Drivers/UGUI/ugui.o
 *fill*         0x200008f6        0x2 
 .bss.msg.0     0x200008f8        0x8 ./Drivers/UGUI/ugui.o
 .bss.__sf      0x20000900      0x138 C:/ST/STM32CubeIDE_1.10.1/STM32CubeIDE/plugins/com.st.stm32cube.ide.mcu.externaltools.gnu-tools-for-stm32.12.3.rel1.win32_1.0.100.202403111256/tools/bin/../lib/gcc/arm-none-eabi/12.3.1/../../../../arm-none-eabi/lib/thumb/v7e-m+fp/hard\libc_nano.a(libc_a-findfp.o)
                0x20000900                __sf
 .bss.errno     0x20000a38        0x4 C:/ST/STM32CubeIDE_1.10.1/STM32CubeIDE/plugins/com.st.stm32cube.ide.mcu.externaltools.gnu-tools-for-stm32.12.3.rel1.win32_1.0.100.202403111256/tools/bin/../lib/gcc/arm-none-eabi/12.3.1/../../../../arm-none-eabi/lib/thumb/v7e-m+fp/hard\libc_nano.a(libc_a-reent.o)
                0x20000a38                errno
 .bss.__lock___malloc_recursive_mutex
                0x20000a3c        0x1 C:/ST/STM32CubeIDE_1.10.1/STM32CubeIDE/plugins/com.st.stm32cube.ide.mcu.externaltools.gnu-tools-for-stm32.12.3.rel1.win32_1.0.100.202403111256/tools/bin/../lib/gcc/arm-none-eabi/12.3.1/../../../../arm-none-eabi/lib/thumb/v7e-m+fp/hard\libc_nano.a(libc_a-lock.o)
                0x20000a3c                __lock___malloc_recursive_mutex
 *fill*         0x20000a3d        0x3 
 .bss.__malloc_sbrk_start
                0x20000a40        0x4 C:/ST/STM32CubeIDE_1.10.1/STM32CubeIDE/plugins/com.st.stm32cube.ide.mcu.externaltools.gnu-tools-for-stm32.12.3.rel1.win32_1.0.100.202403111256/tools/bin/../lib/gcc/arm-none-eabi/12.3.1/../../../../arm-none-eabi/lib/thumb/v7e-m+fp/hard\libc_nano.a(libc_a-mallocr.o)
                0x20000a40                __malloc_sbrk_start
 .bss.__malloc_free_list
                0x20000a44        0x4 C:/ST/STM32CubeIDE_1.10.1/STM32CubeIDE/plugins/com.st.stm32cube.ide.mcu.externaltools.gnu-tools-for-stm32.12.3.rel1.win32_1.0.100.202403111256/tools/bin/../lib/gcc/arm-none-eabi/12.3.1/../../../../arm-none-eabi/lib/thumb/v7e-m+fp/hard\libc_nano.a(libc_a-mallocr.o)
                0x20000a44                __malloc_free_list
 *(COMMON)
                0x20000a48                        . = ALIGN (0x4)
                0x20000a48                        _ebss = .
                0x20000a48                        __bss_end__ = _ebss

._user_heap_stack
                0x20000a48      0x600 load address 0x08021940
                0x20000a48                        . = ALIGN (0x8)
                [!provide]                        PROVIDE (end = .)
                0x20000a48                        PROVIDE (_end = .)
                0x20000c48                        . = (. + _Min_Heap_Size)
 *fill*         0x20000a48      0x200 
                0x20001048                        . = (. + _Min_Stack_Size)
 *fill*         0x20000c48      0x400 
                0x20001048                        . = ALIGN (0x8)

/DISCARD/
 libc.a(*)
 libm.a(*)
 libgcc.a(*)

.ARM.attributes
                0x00000000       0x30
 *(.ARM.attributes)
 .ARM.attributes
                0x00000000       0x22 C:/ST/STM32CubeIDE_1.10.1/STM32CubeIDE/plugins/com.st.stm32cube.ide.mcu.externaltools.gnu-tools-for-stm32.12.3.rel1.win32_1.0.100.202403111256/tools/bin/../lib/gcc/arm-none-eabi/12.3.1/thumb/v7e-m+fp/hard/crti.o
 .ARM.attributes
                0x00000022       0x34 C:/ST/STM32CubeIDE_1.10.1/STM32CubeIDE/plugins/com.st.stm32cube.ide.mcu.externaltools.gnu-tools-for-stm32.12.3.rel1.win32_1.0.100.202403111256/tools/bin/../lib/gcc/arm-none-eabi/12.3.1/thumb/v7e-m+fp/hard/crtbegin.o
 .ARM.attributes
                0x00000056       0x34 ./Core/Src/main.o
 .ARM.attributes
                0x0000008a       0x34 ./Core/Src/stm32f4xx_hal_msp.o
 .ARM.attributes
                0x000000be       0x34 ./Core/Src/stm32f4xx_it.o
 .ARM.attributes
                0x000000f2       0x34 ./Core/Src/sysmem.o
 .ARM.attributes
                0x00000126       0x34 ./Core/Src/system_stm32f4xx.o
 .ARM.attributes
                0x0000015a       0x21 ./Core/Startup/startup_stm32f446zetx.o
 .ARM.attributes
                0x0000017b       0x34 ./Drivers/LCD/images.o
 .ARM.attributes
                0x000001af       0x34 ./Drivers/LCD/lcd.o
 .ARM.attributes
                0x000001e3       0x34 ./Drivers/STM32F4xx_HAL_Driver/Src/stm32f4xx_hal.o
 .ARM.attributes
                0x00000217       0x34 ./Drivers/STM32F4xx_HAL_Driver/Src/stm32f4xx_hal_cortex.o
 .ARM.attributes
                0x0000024b       0x34 ./Drivers/STM32F4xx_HAL_Driver/Src/stm32f4xx_hal_dma.o
 .ARM.attributes
                0x0000027f       0x34 ./Drivers/STM32F4xx_HAL_Driver/Src/stm32f4xx_hal_gpio.o
 .ARM.attributes
                0x000002b3       0x34 ./Drivers/STM32F4xx_HAL_Driver/Src/stm32f4xx_hal_pcd.o
 .ARM.attributes
                0x000002e7       0x34 ./Drivers/STM32F4xx_HAL_Driver/Src/stm32f4xx_hal_pcd_ex.o
 .ARM.attributes
                0x0000031b       0x34 ./Drivers/STM32F4xx_HAL_Driver/Src/stm32f4xx_hal_rcc.o
 .ARM.attributes
                0x0000034f       0x34 ./Drivers/STM32F4xx_HAL_Driver/Src/stm32f4xx_hal_rcc_ex.o
 .ARM.attributes
                0x00000383       0x34 ./Drivers/STM32F4xx_HAL_Driver/Src/stm32f4xx_hal_spi.o
 .ARM.attributes
                0x000003b7       0x34 ./Drivers/STM32F4xx_HAL_Driver/Src/stm32f4xx_hal_uart.o
 .ARM.attributes
                0x000003eb       0x34 ./Drivers/STM32F4xx_HAL_Driver/Src/stm32f4xx_ll_usb.o
 .ARM.attributes
                0x0000041f       0x34 ./Drivers/UGUI/Fonts/arial_49X57.o
 .ARM.attributes
                0x00000453       0x34 ./Drivers/UGUI/Fonts/font_6x8.o
 .ARM.attributes
                0x00000487       0x34 ./Drivers/UGUI/ugui.o
 .ARM.attributes
                0x000004bb       0x34 ./Drivers/UGUI/ugui_button.o
 .ARM.attributes
                0x000004ef       0x34 ./Drivers/UGUI/ugui_progress.o
 .ARM.attributes
                0x00000523       0x34 ./Drivers/UGUI/ugui_textbox.o
 .ARM.attributes
                0x00000557       0x34 C:/ST/STM32CubeIDE_1.10.1/STM32CubeIDE/plugins/com.st.stm32cube.ide.mcu.externaltools.gnu-tools-for-stm32.12.3.rel1.win32_1.0.100.202403111256/tools/bin/../lib/gcc/arm-none-eabi/12.3.1/../../../../arm-none-eabi/lib/thumb/v7e-m+fp/hard\libc_nano.a(libc_a-findfp.o)
 .ARM.attributes
                0x0000058b       0x34 C:/ST/STM32CubeIDE_1.10.1/STM32CubeIDE/plugins/com.st.stm32cube.ide.mcu.externaltools.gnu-tools-for-stm32.12.3.rel1.win32_1.0.100.202403111256/tools/bin/../lib/gcc/arm-none-eabi/12.3.1/../../../../arm-none-eabi/lib/thumb/v7e-m+fp/hard\libc_nano.a(libc_a-sprintf.o)
 .ARM.attributes
                0x000005bf       0x34 C:/ST/STM32CubeIDE_1.10.1/STM32CubeIDE/plugins/com.st.stm32cube.ide.mcu.externaltools.gnu-tools-for-stm32.12.3.rel1.win32_1.0.100.202403111256/tools/bin/../lib/gcc/arm-none-eabi/12.3.1/../../../../arm-none-eabi/lib/thumb/v7e-m+fp/hard\libc_nano.a(libc_a-memset.o)
 .ARM.attributes
                0x000005f3       0x34 C:/ST/STM32CubeIDE_1.10.1/STM32CubeIDE/plugins/com.st.stm32cube.ide.mcu.externaltools.gnu-tools-for-stm32.12.3.rel1.win32_1.0.100.202403111256/tools/bin/../lib/gcc/arm-none-eabi/12.3.1/../../../../arm-none-eabi/lib/thumb/v7e-m+fp/hard\libc_nano.a(libc_a-reent.o)
 .ARM.attributes
                0x00000627       0x34 C:/ST/STM32CubeIDE_1.10.1/STM32CubeIDE/plugins/com.st.stm32cube.ide.mcu.externaltools.gnu-tools-for-stm32.12.3.rel1.win32_1.0.100.202403111256/tools/bin/../lib/gcc/arm-none-eabi/12.3.1/../../../../arm-none-eabi/lib/thumb/v7e-m+fp/hard\libc_nano.a(libc_a-impure.o)
 .ARM.attributes
                0x0000065b       0x34 C:/ST/STM32CubeIDE_1.10.1/STM32CubeIDE/plugins/com.st.stm32cube.ide.mcu.externaltools.gnu-tools-for-stm32.12.3.rel1.win32_1.0.100.202403111256/tools/bin/../lib/gcc/arm-none-eabi/12.3.1/../../../../arm-none-eabi/lib/thumb/v7e-m+fp/hard\libc_nano.a(libc_a-errno.o)
 .ARM.attributes
                0x0000068f       0x34 C:/ST/STM32CubeIDE_1.10.1/STM32CubeIDE/plugins/com.st.stm32cube.ide.mcu.externaltools.gnu-tools-for-stm32.12.3.rel1.win32_1.0.100.202403111256/tools/bin/../lib/gcc/arm-none-eabi/12.3.1/../../../../arm-none-eabi/lib/thumb/v7e-m+fp/hard\libc_nano.a(libc_a-init.o)
 .ARM.attributes
                0x000006c3       0x34 C:/ST/STM32CubeIDE_1.10.1/STM32CubeIDE/plugins/com.st.stm32cube.ide.mcu.externaltools.gnu-tools-for-stm32.12.3.rel1.win32_1.0.100.202403111256/tools/bin/../lib/gcc/arm-none-eabi/12.3.1/../../../../arm-none-eabi/lib/thumb/v7e-m+fp/hard\libc_nano.a(libc_a-lock.o)
 .ARM.attributes
                0x000006f7       0x34 C:/ST/STM32CubeIDE_1.10.1/STM32CubeIDE/plugins/com.st.stm32cube.ide.mcu.externaltools.gnu-tools-for-stm32.12.3.rel1.win32_1.0.100.202403111256/tools/bin/../lib/gcc/arm-none-eabi/12.3.1/../../../../arm-none-eabi/lib/thumb/v7e-m+fp/hard\libc_nano.a(libc_a-freer.o)
 .ARM.attributes
                0x0000072b       0x34 C:/ST/STM32CubeIDE_1.10.1/STM32CubeIDE/plugins/com.st.stm32cube.ide.mcu.externaltools.gnu-tools-for-stm32.12.3.rel1.win32_1.0.100.202403111256/tools/bin/../lib/gcc/arm-none-eabi/12.3.1/../../../../arm-none-eabi/lib/thumb/v7e-m+fp/hard\libc_nano.a(libc_a-mallocr.o)
 .ARM.attributes
                0x0000075f       0x34 C:/ST/STM32CubeIDE_1.10.1/STM32CubeIDE/plugins/com.st.stm32cube.ide.mcu.externaltools.gnu-tools-for-stm32.12.3.rel1.win32_1.0.100.202403111256/tools/bin/../lib/gcc/arm-none-eabi/12.3.1/../../../../arm-none-eabi/lib/thumb/v7e-m+fp/hard\libc_nano.a(libc_a-mlock.o)
 .ARM.attributes
                0x00000793       0x34 C:/ST/STM32CubeIDE_1.10.1/STM32CubeIDE/plugins/com.st.stm32cube.ide.mcu.externaltools.gnu-tools-for-stm32.12.3.rel1.win32_1.0.100.202403111256/tools/bin/../lib/gcc/arm-none-eabi/12.3.1/../../../../arm-none-eabi/lib/thumb/v7e-m+fp/hard\libc_nano.a(libc_a-nano-svfprintf.o)
 .ARM.attributes
                0x000007c7       0x34 C:/ST/STM32CubeIDE_1.10.1/STM32CubeIDE/plugins/com.st.stm32cube.ide.mcu.externaltools.gnu-tools-for-stm32.12.3.rel1.win32_1.0.100.202403111256/tools/bin/../lib/gcc/arm-none-eabi/12.3.1/../../../../arm-none-eabi/lib/thumb/v7e-m+fp/hard\libc_nano.a(libc_a-nano-vfprintf_i.o)
 .ARM.attributes
                0x000007fb       0x34 C:/ST/STM32CubeIDE_1.10.1/STM32CubeIDE/plugins/com.st.stm32cube.ide.mcu.externaltools.gnu-tools-for-stm32.12.3.rel1.win32_1.0.100.202403111256/tools/bin/../lib/gcc/arm-none-eabi/12.3.1/../../../../arm-none-eabi/lib/thumb/v7e-m+fp/hard\libc_nano.a(libc_a-memmove.o)
 .ARM.attributes
                0x0000082f       0x34 C:/ST/STM32CubeIDE_1.10.1/STM32CubeIDE/plugins/com.st.stm32cube.ide.mcu.externaltools.gnu-tools-for-stm32.12.3.rel1.win32_1.0.100.202403111256/tools/bin/../lib/gcc/arm-none-eabi/12.3.1/../../../../arm-none-eabi/lib/thumb/v7e-m+fp/hard\libc_nano.a(libc_a-sbrkr.o)
 .ARM.attributes
                0x00000863       0x1c C:/ST/STM32CubeIDE_1.10.1/STM32CubeIDE/plugins/com.st.stm32cube.ide.mcu.externaltools.gnu-tools-for-stm32.12.3.rel1.win32_1.0.100.202403111256/tools/bin/../lib/gcc/arm-none-eabi/12.3.1/../../../../arm-none-eabi/lib/thumb/v7e-m+fp/hard\libc_nano.a(libc_a-memchr.o)
 .ARM.attributes
                0x0000087f       0x34 C:/ST/STM32CubeIDE_1.10.1/STM32CubeIDE/plugins/com.st.stm32cube.ide.mcu.externaltools.gnu-tools-for-stm32.12.3.rel1.win32_1.0.100.202403111256/tools/bin/../lib/gcc/arm-none-eabi/12.3.1/../../../../arm-none-eabi/lib/thumb/v7e-m+fp/hard\libc_nano.a(libc_a-memcpy-stub.o)
 .ARM.attributes
                0x000008b3       0x34 C:/ST/STM32CubeIDE_1.10.1/STM32CubeIDE/plugins/com.st.stm32cube.ide.mcu.externaltools.gnu-tools-for-stm32.12.3.rel1.win32_1.0.100.202403111256/tools/bin/../lib/gcc/arm-none-eabi/12.3.1/../../../../arm-none-eabi/lib/thumb/v7e-m+fp/hard\libc_nano.a(libc_a-reallocr.o)
 .ARM.attributes
                0x000008e7       0x34 C:/ST/STM32CubeIDE_1.10.1/STM32CubeIDE/plugins/com.st.stm32cube.ide.mcu.externaltools.gnu-tools-for-stm32.12.3.rel1.win32_1.0.100.202403111256/tools/bin/../lib/gcc/arm-none-eabi/12.3.1/../../../../arm-none-eabi/lib/thumb/v7e-m+fp/hard\libc_nano.a(libc_a-msizer.o)
 .ARM.attributes
                0x0000091b       0x22 C:/ST/STM32CubeIDE_1.10.1/STM32CubeIDE/plugins/com.st.stm32cube.ide.mcu.externaltools.gnu-tools-for-stm32.12.3.rel1.win32_1.0.100.202403111256/tools/bin/../lib/gcc/arm-none-eabi/12.3.1/thumb/v7e-m+fp/hard\libgcc.a(_aeabi_uldivmod.o)
 .ARM.attributes
                0x0000093d       0x34 C:/ST/STM32CubeIDE_1.10.1/STM32CubeIDE/plugins/com.st.stm32cube.ide.mcu.externaltools.gnu-tools-for-stm32.12.3.rel1.win32_1.0.100.202403111256/tools/bin/../lib/gcc/arm-none-eabi/12.3.1/thumb/v7e-m+fp/hard\libgcc.a(_udivmoddi4.o)
 .ARM.attributes
                0x00000971       0x22 C:/ST/STM32CubeIDE_1.10.1/STM32CubeIDE/plugins/com.st.stm32cube.ide.mcu.externaltools.gnu-tools-for-stm32.12.3.rel1.win32_1.0.100.202403111256/tools/bin/../lib/gcc/arm-none-eabi/12.3.1/thumb/v7e-m+fp/hard\libgcc.a(_dvmd_tls.o)
 .ARM.attributes
                0x00000993       0x22 C:/ST/STM32CubeIDE_1.10.1/STM32CubeIDE/plugins/com.st.stm32cube.ide.mcu.externaltools.gnu-tools-for-stm32.12.3.rel1.win32_1.0.100.202403111256/tools/bin/../lib/gcc/arm-none-eabi/12.3.1/thumb/v7e-m+fp/hard/crtn.o
OUTPUT(ST7789.elf elf32-littlearm)
LOAD linker stubs
LOAD C:/ST/STM32CubeIDE_1.10.1/STM32CubeIDE/plugins/com.st.stm32cube.ide.mcu.externaltools.gnu-tools-for-stm32.12.3.rel1.win32_1.0.100.202403111256/tools/bin/../lib/gcc/arm-none-eabi/12.3.1/../../../../arm-none-eabi/lib/thumb/v7e-m+fp/hard\libc.a
LOAD C:/ST/STM32CubeIDE_1.10.1/STM32CubeIDE/plugins/com.st.stm32cube.ide.mcu.externaltools.gnu-tools-for-stm32.12.3.rel1.win32_1.0.100.202403111256/tools/bin/../lib/gcc/arm-none-eabi/12.3.1/../../../../arm-none-eabi/lib/thumb/v7e-m+fp/hard\libm.a
LOAD C:/ST/STM32CubeIDE_1.10.1/STM32CubeIDE/plugins/com.st.stm32cube.ide.mcu.externaltools.gnu-tools-for-stm32.12.3.rel1.win32_1.0.100.202403111256/tools/bin/../lib/gcc/arm-none-eabi/12.3.1/thumb/v7e-m+fp/hard\libgcc.a

.debug_info     0x00000000    0x16336
 .debug_info    0x00000000     0x16ab ./Core/Src/main.o
 .debug_info    0x000016ab     0x1376 ./Core/Src/stm32f4xx_hal_msp.o
 .debug_info    0x00002a21      0x3b0 ./Core/Src/stm32f4xx_it.o
 .debug_info    0x00002dd1      0x168 ./Core/Src/sysmem.o
 .debug_info    0x00002f39      0x54a ./Core/Src/system_stm32f4xx.o
 .debug_info    0x00003483       0x30 ./Core/Startup/startup_stm32f446zetx.o
 .debug_info    0x000034b3      0x165 ./Drivers/LCD/images.o
 .debug_info    0x00003618     0x20cb ./Drivers/LCD/lcd.o
 .debug_info    0x000056e3      0x99e ./Drivers/STM32F4xx_HAL_Driver/Src/stm32f4xx_hal.o
 .debug_info    0x00006081      0xd64 ./Drivers/STM32F4xx_HAL_Driver/Src/stm32f4xx_hal_cortex.o
 .debug_info    0x00006de5      0x8e7 ./Drivers/STM32F4xx_HAL_Driver/Src/stm32f4xx_hal_dma.o
 .debug_info    0x000076cc      0x70b ./Drivers/STM32F4xx_HAL_Driver/Src/stm32f4xx_hal_gpio.o
 .debug_info    0x00007dd7     0x15b5 ./Drivers/STM32F4xx_HAL_Driver/Src/stm32f4xx_hal_pcd.o
 .debug_info    0x0000938c      0x79c ./Drivers/STM32F4xx_HAL_Driver/Src/stm32f4xx_hal_pcd_ex.o
 .debug_info    0x00009b28      0x8ed ./Drivers/STM32F4xx_HAL_Driver/Src/stm32f4xx_hal_rcc.o
 .debug_info    0x0000a415      0x956 ./Drivers/STM32F4xx_HAL_Driver/Src/stm32f4xx_hal_rcc_ex.o
 .debug_info    0x0000ad6b     0x15fb ./Drivers/STM32F4xx_HAL_Driver/Src/stm32f4xx_hal_spi.o
 .debug_info    0x0000c366     0x2fb8 ./Drivers/STM32F4xx_HAL_Driver/Src/stm32f4xx_hal_uart.o
 .debug_info    0x0000f31e     0x1954 ./Drivers/STM32F4xx_HAL_Driver/Src/stm32f4xx_ll_usb.o
 .debug_info    0x00010c72       0xf2 ./Drivers/UGUI/Fonts/arial_49X57.o
 .debug_info    0x00010d64       0xf0 ./Drivers/UGUI/Fonts/font_6x8.o
 .debug_info    0x00010e54     0x2834 ./Drivers/UGUI/ugui.o
 .debug_info    0x00013688     0x12cc ./Drivers/UGUI/ugui_button.o
 .debug_info    0x00014954      0xa44 ./Drivers/UGUI/ugui_progress.o
 .debug_info    0x00015398      0xf9e ./Drivers/UGUI/ugui_textbox.o

.debug_abbrev   0x00000000     0x33cc
 .debug_abbrev  0x00000000      0x31d ./Core/Src/main.o
 .debug_abbrev  0x0000031d      0x26b ./Core/Src/stm32f4xx_hal_msp.o
 .debug_abbrev  0x00000588      0x169 ./Core/Src/stm32f4xx_it.o
 .debug_abbrev  0x000006f1       0xbc ./Core/Src/sysmem.o
 .debug_abbrev  0x000007ad      0x11a ./Core/Src/system_stm32f4xx.o
 .debug_abbrev  0x000008c7       0x24 ./Core/Startup/startup_stm32f446zetx.o
 .debug_abbrev  0x000008eb       0xc7 ./Drivers/LCD/images.o
 .debug_abbrev  0x000009b2      0x38f ./Drivers/LCD/lcd.o
 .debug_abbrev  0x00000d41      0x213 ./Drivers/STM32F4xx_HAL_Driver/Src/stm32f4xx_hal.o
 .debug_abbrev  0x00000f54      0x327 ./Drivers/STM32F4xx_HAL_Driver/Src/stm32f4xx_hal_cortex.o
 .debug_abbrev  0x0000127b      0x264 ./Drivers/STM32F4xx_HAL_Driver/Src/stm32f4xx_hal_dma.o
 .debug_abbrev  0x000014df      0x1d4 ./Drivers/STM32F4xx_HAL_Driver/Src/stm32f4xx_hal_gpio.o
 .debug_abbrev  0x000016b3      0x2e7 ./Drivers/STM32F4xx_HAL_Driver/Src/stm32f4xx_hal_pcd.o
 .debug_abbrev  0x0000199a      0x1dd ./Drivers/STM32F4xx_HAL_Driver/Src/stm32f4xx_hal_pcd_ex.o
 .debug_abbrev  0x00001b77      0x2b6 ./Drivers/STM32F4xx_HAL_Driver/Src/stm32f4xx_hal_rcc.o
 .debug_abbrev  0x00001e2d      0x20a ./Drivers/STM32F4xx_HAL_Driver/Src/stm32f4xx_hal_rcc_ex.o
 .debug_abbrev  0x00002037      0x284 ./Drivers/STM32F4xx_HAL_Driver/Src/stm32f4xx_hal_spi.o
 .debug_abbrev  0x000022bb      0x30e ./Drivers/STM32F4xx_HAL_Driver/Src/stm32f4xx_hal_uart.o
 .debug_abbrev  0x000025c9      0x2ac ./Drivers/STM32F4xx_HAL_Driver/Src/stm32f4xx_ll_usb.o
 .debug_abbrev  0x00002875       0x79 ./Drivers/UGUI/Fonts/arial_49X57.o
 .debug_abbrev  0x000028ee       0x79 ./Drivers/UGUI/Fonts/font_6x8.o
 .debug_abbrev  0x00002967      0x385 ./Drivers/UGUI/ugui.o
 .debug_abbrev  0x00002cec      0x27a ./Drivers/UGUI/ugui_button.o
 .debug_abbrev  0x00002f66      0x203 ./Drivers/UGUI/ugui_progress.o
 .debug_abbrev  0x00003169      0x263 ./Drivers/UGUI/ugui_textbox.o

.debug_aranges  0x00000000     0x12d0
 .debug_aranges
                0x00000000       0x58 ./Core/Src/main.o
 .debug_aranges
                0x00000058       0x50 ./Core/Src/stm32f4xx_hal_msp.o
 .debug_aranges
                0x000000a8       0x68 ./Core/Src/stm32f4xx_it.o
 .debug_aranges
                0x00000110       0x20 ./Core/Src/sysmem.o
 .debug_aranges
                0x00000130       0x28 ./Core/Src/system_stm32f4xx.o
 .debug_aranges
                0x00000158       0x28 ./Core/Startup/startup_stm32f446zetx.o
 .debug_aranges
                0x00000180       0x18 ./Drivers/LCD/images.o
 .debug_aranges
                0x00000198       0xd0 ./Drivers/LCD/lcd.o
 .debug_aranges
                0x00000268       0xf0 ./Drivers/STM32F4xx_HAL_Driver/Src/stm32f4xx_hal.o
 .debug_aranges
                0x00000358      0x118 ./Drivers/STM32F4xx_HAL_Driver/Src/stm32f4xx_hal_cortex.o
 .debug_aranges
                0x00000470       0x90 ./Drivers/STM32F4xx_HAL_Driver/Src/stm32f4xx_hal_dma.o
 .debug_aranges
                0x00000500       0x58 ./Drivers/STM32F4xx_HAL_Driver/Src/stm32f4xx_hal_gpio.o
 .debug_aranges
                0x00000558      0x148 ./Drivers/STM32F4xx_HAL_Driver/Src/stm32f4xx_hal_pcd.o
 .debug_aranges
                0x000006a0       0x48 ./Drivers/STM32F4xx_HAL_Driver/Src/stm32f4xx_hal_pcd_ex.o
 .debug_aranges
                0x000006e8       0x88 ./Drivers/STM32F4xx_HAL_Driver/Src/stm32f4xx_hal_rcc.o
 .debug_aranges
                0x00000770       0x78 ./Drivers/STM32F4xx_HAL_Driver/Src/stm32f4xx_hal_rcc_ex.o
 .debug_aranges
                0x000007e8      0x1d0 ./Drivers/STM32F4xx_HAL_Driver/Src/stm32f4xx_hal_spi.o
 .debug_aranges
                0x000009b8      0x200 ./Drivers/STM32F4xx_HAL_Driver/Src/stm32f4xx_hal_uart.o
 .debug_aranges
                0x00000bb8      0x1a0 ./Drivers/STM32F4xx_HAL_Driver/Src/stm32f4xx_ll_usb.o
 .debug_aranges
                0x00000d58       0x18 ./Drivers/UGUI/Fonts/arial_49X57.o
 .debug_aranges
                0x00000d70       0x18 ./Drivers/UGUI/Fonts/font_6x8.o
 .debug_aranges
                0x00000d88      0x338 ./Drivers/UGUI/ugui.o
 .debug_aranges
                0x000010c0       0xe0 ./Drivers/UGUI/ugui_button.o
 .debug_aranges
                0x000011a0       0x80 ./Drivers/UGUI/ugui_progress.o
 .debug_aranges
                0x00001220       0xb0 ./Drivers/UGUI/ugui_textbox.o

.debug_rnglists
                0x00000000      0xe4d
 .debug_rnglists
                0x00000000       0x3f ./Core/Src/main.o
 .debug_rnglists
                0x0000003f       0x3a ./Core/Src/stm32f4xx_hal_msp.o
 .debug_rnglists
                0x00000079       0x49 ./Core/Src/stm32f4xx_it.o
 .debug_rnglists
                0x000000c2       0x13 ./Core/Src/sysmem.o
 .debug_rnglists
                0x000000d5       0x1a ./Core/Src/system_stm32f4xx.o
 .debug_rnglists
                0x000000ef       0x19 ./Core/Startup/startup_stm32f446zetx.o
 .debug_rnglists
                0x00000108       0x9f ./Drivers/LCD/lcd.o
 .debug_rnglists
                0x000001a7       0xaf ./Drivers/STM32F4xx_HAL_Driver/Src/stm32f4xx_hal.o
 .debug_rnglists
                0x00000256       0xce ./Drivers/STM32F4xx_HAL_Driver/Src/stm32f4xx_hal_cortex.o
 .debug_rnglists
                0x00000324       0x70 ./Drivers/STM32F4xx_HAL_Driver/Src/stm32f4xx_hal_dma.o
 .debug_rnglists
                0x00000394       0x3f ./Drivers/STM32F4xx_HAL_Driver/Src/stm32f4xx_hal_gpio.o
 .debug_rnglists
                0x000003d3       0xfc ./Drivers/STM32F4xx_HAL_Driver/Src/stm32f4xx_hal_pcd.o
 .debug_rnglists
                0x000004cf       0x32 ./Drivers/STM32F4xx_HAL_Driver/Src/stm32f4xx_hal_pcd_ex.o
 .debug_rnglists
                0x00000501       0x66 ./Drivers/STM32F4xx_HAL_Driver/Src/stm32f4xx_hal_rcc.o
 .debug_rnglists
                0x00000567       0x5e ./Drivers/STM32F4xx_HAL_Driver/Src/stm32f4xx_hal_rcc_ex.o
 .debug_rnglists
                0x000005c5      0x16f ./Drivers/STM32F4xx_HAL_Driver/Src/stm32f4xx_hal_spi.o
 .debug_rnglists
                0x00000734      0x1b7 ./Drivers/STM32F4xx_HAL_Driver/Src/stm32f4xx_hal_uart.o
 .debug_rnglists
                0x000008eb      0x148 ./Drivers/STM32F4xx_HAL_Driver/Src/stm32f4xx_ll_usb.o
 .debug_rnglists
                0x00000a33      0x295 ./Drivers/UGUI/ugui.o
 .debug_rnglists
                0x00000cc8       0xa6 ./Drivers/UGUI/ugui_button.o
 .debug_rnglists
                0x00000d6e       0x5e ./Drivers/UGUI/ugui_progress.o
 .debug_rnglists
                0x00000dcc       0x81 ./Drivers/UGUI/ugui_textbox.o

.debug_macro    0x00000000    0x2428d
 .debug_macro   0x00000000      0x396 ./Core/Src/main.o
 .debug_macro   0x00000396      0xab4 ./Core/Src/main.o
 .debug_macro   0x00000e4a      0x2a1 ./Core/Src/main.o
 .debug_macro   0x000010eb       0x2e ./Core/Src/main.o
 .debug_macro   0x00001119       0x28 ./Core/Src/main.o
 .debug_macro   0x00001141       0x22 ./Core/Src/main.o
 .debug_macro   0x00001163       0x8e ./Core/Src/main.o
 .debug_macro   0x000011f1       0x51 ./Core/Src/main.o
 .debug_macro   0x00001242      0x103 ./Core/Src/main.o
 .debug_macro   0x00001345       0x6a ./Core/Src/main.o
 .debug_macro   0x000013af      0x1df ./Core/Src/main.o
 .debug_macro   0x0000158e       0x1c ./Core/Src/main.o
 .debug_macro   0x000015aa       0x22 ./Core/Src/main.o
 .debug_macro   0x000015cc       0xd9 ./Core/Src/main.o
 .debug_macro   0x000016a5     0x102d ./Core/Src/main.o
 .debug_macro   0x000026d2      0x11f ./Core/Src/main.o
 .debug_macro   0x000027f1    0x16749 ./Core/Src/main.o
 .debug_macro   0x00018f3a       0x6d ./Core/Src/main.o
 .debug_macro   0x00018fa7     0x367e ./Core/Src/main.o
 .debug_macro   0x0001c625      0x189 ./Core/Src/main.o
 .debug_macro   0x0001c7ae       0x5c ./Core/Src/main.o
 .debug_macro   0x0001c80a      0xc90 ./Core/Src/main.o
 .debug_macro   0x0001d49a      0x9fe ./Core/Src/main.o
 .debug_macro   0x0001de98      0x115 ./Core/Src/main.o
 .debug_macro   0x0001dfad      0x1a0 ./Core/Src/main.o
 .debug_macro   0x0001e14d       0xa5 ./Core/Src/main.o
 .debug_macro   0x0001e1f2      0x16d ./Core/Src/main.o
 .debug_macro   0x0001e35f      0x287 ./Core/Src/main.o
 .debug_macro   0x0001e5e6       0x5f ./Core/Src/main.o
 .debug_macro   0x0001e645      0x236 ./Core/Src/main.o
 .debug_macro   0x0001e87b      0x132 ./Core/Src/main.o
 .debug_macro   0x0001e9ad      0x29c ./Core/Src/main.o
 .debug_macro   0x0001ec49       0x2e ./Core/Src/main.o
 .debug_macro   0x0001ec77      0x11a ./Core/Src/main.o
 .debug_macro   0x0001ed91       0xe8 ./Core/Src/main.o
 .debug_macro   0x0001ee79       0x89 ./Core/Src/main.o
 .debug_macro   0x0001ef02      0x225 ./Core/Src/main.o
 .debug_macro   0x0001f127      0x295 ./Core/Src/main.o
 .debug_macro   0x0001f3bc      0x248 ./Core/Src/main.o
 .debug_macro   0x0001f604       0xba ./Core/Src/main.o
 .debug_macro   0x0001f6be      0x126 ./Core/Src/main.o
 .debug_macro   0x0001f7e4       0x22 ./Core/Src/main.o
 .debug_macro   0x0001f806       0x61 ./Core/Src/main.o
 .debug_macro   0x0001f867       0x2a ./Core/Src/main.o
 .debug_macro   0x0001f891       0x43 ./Core/Src/main.o
 .debug_macro   0x0001f8d4       0x34 ./Core/Src/main.o
 .debug_macro   0x0001f908       0x16 ./Core/Src/main.o
 .debug_macro   0x0001f91e       0x35 ./Core/Src/main.o
 .debug_macro   0x0001f953      0x369 ./Core/Src/main.o
 .debug_macro   0x0001fcbc       0x10 ./Core/Src/main.o
 .debug_macro   0x0001fccc       0x16 ./Core/Src/main.o
 .debug_macro   0x0001fce2       0x43 ./Core/Src/main.o
 .debug_macro   0x0001fd25       0x34 ./Core/Src/main.o
 .debug_macro   0x0001fd59       0x10 ./Core/Src/main.o
 .debug_macro   0x0001fd69       0x58 ./Core/Src/main.o
 .debug_macro   0x0001fdc1       0x8e ./Core/Src/main.o
 .debug_macro   0x0001fe4f       0x1c ./Core/Src/main.o
 .debug_macro   0x0001fe6b      0x177 ./Core/Src/main.o
 .debug_macro   0x0001ffe2       0x16 ./Core/Src/main.o
 .debug_macro   0x0001fff8       0x16 ./Core/Src/main.o
 .debug_macro   0x0002000e      0x146 ./Core/Src/main.o
 .debug_macro   0x00020154       0xe8 ./Core/Src/main.o
 .debug_macro   0x0002023c       0x16 ./Core/Src/main.o
 .debug_macro   0x00020252       0x16 ./Core/Src/main.o
 .debug_macro   0x00020268       0x29 ./Core/Src/main.o
 .debug_macro   0x00020291      0x112 ./Core/Src/main.o
 .debug_macro   0x000203a3      0x385 ./Core/Src/main.o
 .debug_macro   0x00020728       0x58 ./Core/Src/main.o
 .debug_macro   0x00020780      0x274 ./Core/Src/main.o
 .debug_macro   0x000209f4       0xbe ./Core/Src/main.o
 .debug_macro   0x00020ab2       0xbe ./Core/Src/main.o
 .debug_macro   0x00020b70       0x8e ./Core/Src/main.o
 .debug_macro   0x00020bfe       0xa6 ./Core/Src/main.o
 .debug_macro   0x00020ca4       0x88 ./Core/Src/main.o
 .debug_macro   0x00020d2c       0x77 ./Core/Src/main.o
 .debug_macro   0x00020da3      0x2d8 ./Core/Src/stm32f4xx_hal_msp.o
 .debug_macro   0x0002107b      0x2e2 ./Core/Src/stm32f4xx_it.o
 .debug_macro   0x0002135d       0xff ./Core/Src/sysmem.o
 .debug_macro   0x0002145c      0x23c ./Core/Src/sysmem.o
 .debug_macro   0x00021698      0x1e8 ./Core/Src/system_stm32f4xx.o
 .debug_macro   0x00021880      0x1af ./Drivers/LCD/images.o
 .debug_macro   0x00021a2f      0x11c ./Drivers/LCD/images.o
 .debug_macro   0x00021b4b       0x94 ./Drivers/LCD/images.o
 .debug_macro   0x00021bdf      0x10c ./Drivers/LCD/images.o
 .debug_macro   0x00021ceb      0x3b6 ./Drivers/LCD/lcd.o
 .debug_macro   0x000220a1       0x56 ./Drivers/LCD/lcd.o
 .debug_macro   0x000220f7       0x1c ./Drivers/LCD/lcd.o
 .debug_macro   0x00022113      0x248 ./Drivers/STM32F4xx_HAL_Driver/Src/stm32f4xx_hal.o
 .debug_macro   0x0002235b      0x1e8 ./Drivers/STM32F4xx_HAL_Driver/Src/stm32f4xx_hal_cortex.o
 .debug_macro   0x00022543      0x1ee ./Drivers/STM32F4xx_HAL_Driver/Src/stm32f4xx_hal_dma.o
 .debug_macro   0x00022731      0x1ee ./Drivers/STM32F4xx_HAL_Driver/Src/stm32f4xx_hal_gpio.o
 .debug_macro   0x0002291f      0x1f4 ./Drivers/STM32F4xx_HAL_Driver/Src/stm32f4xx_hal_pcd.o
 .debug_macro   0x00022b13      0x1e8 ./Drivers/STM32F4xx_HAL_Driver/Src/stm32f4xx_hal_pcd_ex.o
 .debug_macro   0x00022cfb      0x20c ./Drivers/STM32F4xx_HAL_Driver/Src/stm32f4xx_hal_rcc.o
 .debug_macro   0x00022f07      0x1e8 ./Drivers/STM32F4xx_HAL_Driver/Src/stm32f4xx_hal_rcc_ex.o
 .debug_macro   0x000230ef      0x1f7 ./Drivers/STM32F4xx_HAL_Driver/Src/stm32f4xx_hal_spi.o
 .debug_macro   0x000232e6      0x1e9 ./Drivers/STM32F4xx_HAL_Driver/Src/stm32f4xx_hal_uart.o
 .debug_macro   0x000234cf      0x1e8 ./Drivers/STM32F4xx_HAL_Driver/Src/stm32f4xx_ll_usb.o
 .debug_macro   0x000236b7      0x1a5 ./Drivers/UGUI/Fonts/arial_49X57.o
 .debug_macro   0x0002385c      0x1a5 ./Drivers/UGUI/Fonts/font_6x8.o
 .debug_macro   0x00023a01      0x1a5 ./Drivers/UGUI/ugui.o
 .debug_macro   0x00023ba6      0x1af ./Drivers/UGUI/ugui_button.o
 .debug_macro   0x00023d55       0xb8 ./Drivers/UGUI/ugui_button.o
 .debug_macro   0x00023e0d      0x1af ./Drivers/UGUI/ugui_progress.o
 .debug_macro   0x00023fbc       0xa0 ./Drivers/UGUI/ugui_progress.o
 .debug_macro   0x0002405c      0x1af ./Drivers/UGUI/ugui_textbox.o
 .debug_macro   0x0002420b       0x82 ./Drivers/UGUI/ugui_textbox.o

.debug_line     0x00000000    0x18186
 .debug_line    0x00000000      0xb8a ./Core/Src/main.o
 .debug_line    0x00000b8a      0xa0b ./Core/Src/stm32f4xx_hal_msp.o
 .debug_line    0x00001595      0x9b6 ./Core/Src/stm32f4xx_it.o
 .debug_line    0x00001f4b      0x583 ./Core/Src/sysmem.o
 .debug_line    0x000024ce      0x800 ./Core/Src/system_stm32f4xx.o
 .debug_line    0x00002cce       0x7a ./Core/Startup/startup_stm32f446zetx.o
 .debug_line    0x00002d48      0x621 ./Drivers/LCD/images.o
 .debug_line    0x00003369     0x12f0 ./Drivers/LCD/lcd.o
 .debug_line    0x00004659      0xa69 ./Drivers/STM32F4xx_HAL_Driver/Src/stm32f4xx_hal.o
 .debug_line    0x000050c2      0xd16 ./Drivers/STM32F4xx_HAL_Driver/Src/stm32f4xx_hal_cortex.o
 .debug_line    0x00005dd8      0xfd9 ./Drivers/STM32F4xx_HAL_Driver/Src/stm32f4xx_hal_dma.o
 .debug_line    0x00006db1      0xbe1 ./Drivers/STM32F4xx_HAL_Driver/Src/stm32f4xx_hal_gpio.o
 .debug_line    0x00007992     0x158f ./Drivers/STM32F4xx_HAL_Driver/Src/stm32f4xx_hal_pcd.o
 .debug_line    0x00008f21      0x89d ./Drivers/STM32F4xx_HAL_Driver/Src/stm32f4xx_hal_pcd_ex.o
 .debug_line    0x000097be      0xde8 ./Drivers/STM32F4xx_HAL_Driver/Src/stm32f4xx_hal_rcc.o
 .debug_line    0x0000a5a6     0x1484 ./Drivers/STM32F4xx_HAL_Driver/Src/stm32f4xx_hal_rcc_ex.o
 .debug_line    0x0000ba2a     0x1d1e ./Drivers/STM32F4xx_HAL_Driver/Src/stm32f4xx_hal_spi.o
 .debug_line    0x0000d748     0x2b20 ./Drivers/STM32F4xx_HAL_Driver/Src/stm32f4xx_hal_uart.o
 .debug_line    0x00010268     0x1d3c ./Drivers/STM32F4xx_HAL_Driver/Src/stm32f4xx_ll_usb.o
 .debug_line    0x00011fa4      0x621 ./Drivers/UGUI/Fonts/arial_49X57.o
 .debug_line    0x000125c5      0x61e ./Drivers/UGUI/Fonts/font_6x8.o
 .debug_line    0x00012be3     0x3264 ./Drivers/UGUI/ugui.o
 .debug_line    0x00015e47      0xdb4 ./Drivers/UGUI/ugui_button.o
 .debug_line    0x00016bfb      0xa89 ./Drivers/UGUI/ugui_progress.o
 .debug_line    0x00017684      0xb02 ./Drivers/UGUI/ugui_textbox.o

.debug_str      0x00000000    0xd0479
 .debug_str     0x00000000    0xcbb20 ./Core/Src/main.o
                              0xcbe94 (size before relaxing)
 .debug_str     0x000cbb20      0x26b ./Core/Src/stm32f4xx_hal_msp.o
                              0xc9062 (size before relaxing)
 .debug_str     0x000cbd8b       0xf4 ./Core/Src/stm32f4xx_it.o
                              0xc85be (size before relaxing)
 .debug_str     0x000cbe7f      0x4dc ./Core/Src/sysmem.o
                               0x60d4 (size before relaxing)
 .debug_str     0x000cc35b       0xdb ./Core/Src/system_stm32f4xx.o
                              0xc49ac (size before relaxing)
 .debug_str     0x000cc436       0x44 ./Core/Startup/startup_stm32f446zetx.o
                                 0x87 (size before relaxing)
 .debug_str     0x000cc47a       0x3c ./Drivers/LCD/images.o
                               0x98c2 (size before relaxing)
 .debug_str     0x000cc4b6      0xb8a ./Drivers/LCD/lcd.o
                              0xcbcae (size before relaxing)
 .debug_str     0x000cd040      0x5f2 ./Drivers/STM32F4xx_HAL_Driver/Src/stm32f4xx_hal.o
                              0xc5571 (size before relaxing)
 .debug_str     0x000cd632      0x335 ./Drivers/STM32F4xx_HAL_Driver/Src/stm32f4xx_hal_cortex.o
                              0xc527f (size before relaxing)
 .debug_str     0x000cd967      0x2da ./Drivers/STM32F4xx_HAL_Driver/Src/stm32f4xx_hal_dma.o
                              0xc4da1 (size before relaxing)
 .debug_str     0x000cdc41      0x121 ./Drivers/STM32F4xx_HAL_Driver/Src/stm32f4xx_hal_gpio.o
                              0xc4b27 (size before relaxing)
 .debug_str     0x000cdd62      0x82d ./Drivers/STM32F4xx_HAL_Driver/Src/stm32f4xx_hal_pcd.o
                              0xc54a1 (size before relaxing)
 .debug_str     0x000ce58f      0x12d ./Drivers/STM32F4xx_HAL_Driver/Src/stm32f4xx_hal_pcd_ex.o
                              0xc4da2 (size before relaxing)
 .debug_str     0x000ce6bc      0x21f ./Drivers/STM32F4xx_HAL_Driver/Src/stm32f4xx_hal_rcc.o
                              0xc4de5 (size before relaxing)
 .debug_str     0x000ce8db      0x19d ./Drivers/STM32F4xx_HAL_Driver/Src/stm32f4xx_hal_rcc_ex.o
                              0xc4e18 (size before relaxing)
 .debug_str     0x000cea78      0x541 ./Drivers/STM32F4xx_HAL_Driver/Src/stm32f4xx_hal_spi.o
                              0xc524b (size before relaxing)
 .debug_str     0x000cefb9      0x5ef ./Drivers/STM32F4xx_HAL_Driver/Src/stm32f4xx_hal_uart.o
                              0xc535a (size before relaxing)
 .debug_str     0x000cf5a8      0x43b ./Drivers/STM32F4xx_HAL_Driver/Src/stm32f4xx_ll_usb.o
                              0xc52ea (size before relaxing)
 .debug_str     0x000cf9e3       0x24 ./Drivers/UGUI/Fonts/arial_49X57.o
                               0x989e (size before relaxing)
 .debug_str     0x000cfa07       0x21 ./Drivers/UGUI/Fonts/font_6x8.o
                               0x9893 (size before relaxing)
 .debug_str     0x000cfa28      0x669 ./Drivers/UGUI/ugui.o
                               0xa40e (size before relaxing)
 .debug_str     0x000d0091      0x1d6 ./Drivers/UGUI/ugui_button.o
                               0x9e25 (size before relaxing)
 .debug_str     0x000d0267       0xf9 ./Drivers/UGUI/ugui_progress.o
                               0x9b4e (size before relaxing)
 .debug_str     0x000d0360      0x119 ./Drivers/UGUI/ugui_textbox.o
                               0x9d52 (size before relaxing)

.comment        0x00000000       0x43
 .comment       0x00000000       0x43 ./Core/Src/main.o
                                 0x44 (size before relaxing)
 .comment       0x00000043       0x44 ./Core/Src/stm32f4xx_hal_msp.o
 .comment       0x00000043       0x44 ./Core/Src/stm32f4xx_it.o
 .comment       0x00000043       0x44 ./Core/Src/sysmem.o
 .comment       0x00000043       0x44 ./Core/Src/system_stm32f4xx.o
 .comment       0x00000043       0x44 ./Drivers/LCD/images.o
 .comment       0x00000043       0x44 ./Drivers/LCD/lcd.o
 .comment       0x00000043       0x44 ./Drivers/STM32F4xx_HAL_Driver/Src/stm32f4xx_hal.o
 .comment       0x00000043       0x44 ./Drivers/STM32F4xx_HAL_Driver/Src/stm32f4xx_hal_cortex.o
 .comment       0x00000043       0x44 ./Drivers/STM32F4xx_HAL_Driver/Src/stm32f4xx_hal_dma.o